Archive member included to satisfy reference by file (symbol)

C:\Users\PLANTIUM\Documents\MCUXpressoIDE_11.8.0_1165\workspace\FlexCAN_Module\lib\libj1939_STEER_LIB.a(OnPgn_J1939.o)
                              ./source/FlexCAN_Module.o (OnPgn_J1939)
C:\Users\PLANTIUM\Documents\MCUXpressoIDE_11.8.0_1165\workspace\FlexCAN_Module\lib\libj1939_STEER_LIB.a(Open_J1939.o)
                              ./source/FlexCAN_Module.o (J1939_Address)
C:\Users\PLANTIUM\Documents\MCUXpressoIDE_11.8.0_1165\workspace\FlexCAN_Module\lib\libj1939_STEER_LIB.a(Output_J1939.o)
                              ./source/FlexCAN_Module.o (Output_J1939)
C:\Users\PLANTIUM\Documents\MCUXpressoIDE_11.8.0_1165\workspace\FlexCAN_Module\lib\libj1939_STEER_LIB.a(Processor_J1939.o)
                              ./source/FlexCAN_Module.o (Processor_J1939)
C:\Users\PLANTIUM\Documents\MCUXpressoIDE_11.8.0_1165\workspace\FlexCAN_Module\lib\libj1939_STEER_LIB.a(ReceiveMessages_J1939.o)
                              ./lib/hal/hal_rt1064.o (ReceiveMessages_J1939)
C:\Users\PLANTIUM\Documents\MCUXpressoIDE_11.8.0_1165\workspace\FlexCAN_Module\lib\libj1939_STEER_LIB.a(TP_J1939.o)
                              C:\Users\PLANTIUM\Documents\MCUXpressoIDE_11.8.0_1165\workspace\FlexCAN_Module\lib\libj1939_STEER_LIB.a(Processor_J1939.o) (TP_SM_J1939)
C:\Users\PLANTIUM\Documents\MCUXpressoIDE_11.8.0_1165\workspace\FlexCAN_Module\lib\libj1939_STEER_LIB.a(TimerEvent_J1939.o)
                              C:\Users\PLANTIUM\Documents\MCUXpressoIDE_11.8.0_1165\workspace\FlexCAN_Module\lib\libj1939_STEER_LIB.a(Open_J1939.o) (TimerEventInit_J1939)
C:\Users\PLANTIUM\Documents\MCUXpressoIDE_11.8.0_1165\workspace\FlexCAN_Module\lib\libj1939_STEER_LIB.a(ACKM_canmsg.o)
                              C:\Users\PLANTIUM\Documents\MCUXpressoIDE_11.8.0_1165\workspace\FlexCAN_Module\lib\libj1939_STEER_LIB.a(Processor_J1939.o) (ACKM_CANMSG)
C:\Users\PLANTIUM\Documents\MCUXpressoIDE_11.8.0_1165\workspace\FlexCAN_Module\lib\libj1939_STEER_LIB.a(TPCM_canmsg.o)
                              C:\Users\PLANTIUM\Documents\MCUXpressoIDE_11.8.0_1165\workspace\FlexCAN_Module\lib\libj1939_STEER_LIB.a(TP_J1939.o) (TPCM_RTS_CANMSG)
C:\Users\PLANTIUM\Documents\MCUXpressoIDE_11.8.0_1165\workspace\FlexCAN_Module\lib\libj1939_STEER_LIB.a(TPDT_canmsg.o)
                              C:\Users\PLANTIUM\Documents\MCUXpressoIDE_11.8.0_1165\workspace\FlexCAN_Module\lib\libj1939_STEER_LIB.a(TP_J1939.o) (TPDT_CANMSG)
C:\Users\PLANTIUM\Documents\MCUXpressoIDE_11.8.0_1165\workspace\FlexCAN_Module\lib\libj1939_STEER_LIB.a(AddFilterBridge_J1939.o)
                              C:\Users\PLANTIUM\Documents\MCUXpressoIDE_11.8.0_1165\workspace\FlexCAN_Module\lib\libj1939_STEER_LIB.a(Open_J1939.o) (InitializeFilterBridge_J1939)
C:\Users\PLANTIUM\Documents\MCUXpressoIDE_11.8.0_1165\workspace\FlexCAN_Module\lib\libj1939_STEER_LIB.a(AddFilter_J1939.o)
                              C:\Users\PLANTIUM\Documents\MCUXpressoIDE_11.8.0_1165\workspace\FlexCAN_Module\lib\libj1939_STEER_LIB.a(Open_J1939.o) (InitializeFilter_J1939)
C:\Users\PLANTIUM\Documents\MCUXpressoIDE_11.8.0_1165\workspace\FlexCAN_Module\lib\libj1939_STEER_LIB.a(AddressClaim_J1939.o)
                              C:\Users\PLANTIUM\Documents\MCUXpressoIDE_11.8.0_1165\workspace\FlexCAN_Module\lib\libj1939_STEER_LIB.a(Open_J1939.o) (AddressClaim_J1939)
C:\Users\PLANTIUM\Documents\MCUXpressoIDE_11.8.0_1165\workspace\FlexCAN_Module\lib\libj1939_STEER_LIB.a(DequeueMessage_J1939.o)
                              C:\Users\PLANTIUM\Documents\MCUXpressoIDE_11.8.0_1165\workspace\FlexCAN_Module\lib\libj1939_STEER_LIB.a(Processor_J1939.o) (DequeueMessage_J1939)
C:\Users\PLANTIUM\Documents\MCUXpressoIDE_11.8.0_1165\workspace\FlexCAN_Module\lib\libj1939_STEER_LIB.a(EnqueueMessage_J1939.o)
                              C:\Users\PLANTIUM\Documents\MCUXpressoIDE_11.8.0_1165\workspace\FlexCAN_Module\lib\libj1939_STEER_LIB.a(Output_J1939.o) (EnqueueMessage_J1939)
C:\Users\PLANTIUM\Documents\MCUXpressoIDE_11.8.0_1165\workspace\FlexCAN_Module\lib\libj1939_STEER_LIB.a(TransmitMessages_J1939.o)
                              C:\Users\PLANTIUM\Documents\MCUXpressoIDE_11.8.0_1165\workspace\FlexCAN_Module\lib\libj1939_STEER_LIB.a(AddressClaim_J1939.o) (TransmitMessages_J1939)
c:/nxp/mcuxpressoide_11.8.0_1165/ide/plugins/com.nxp.mcuxpresso.tools.win32_11.8.0.202306131047/tools/bin/../lib/gcc/arm-none-eabi/12.2.1/../../../../arm-none-eabi/lib/thumb/v7e-m+fp/hard\libcr_nohost_nf.a(_cr__main.o)
                              ./startup/startup_mimxrt1064.o (__main)
c:/nxp/mcuxpressoide_11.8.0_1165/ide/plugins/com.nxp.mcuxpresso.tools.win32_11.8.0.202306131047/tools/bin/../lib/gcc/arm-none-eabi/12.2.1/../../../../arm-none-eabi/lib/thumb/v7e-m+fp/hard\libcr_c.a(memcpy.o)
                              ./utilities/fsl_str.o (memcpy)
[...]
Memory Configuration

Name             Origin             Length             Attributes
PROGRAM_FLASH    0x70000000         0x00400000         xr
SRAM_DTC         0x20000000         0x00020000         xrw
SRAM_ITC         0x00000000         0x00020000         xrw
SRAM_OC2         0x20200000         0x00080000         xrw
SRAM_OC          0x20280000         0x00040000         xrw
BOARD_SDRAM      0x80000000         0x01e00000         xrw
NCACHE_REGION    0x81e00000         0x00200000         xrw
*default*        0x00000000         0xffffffff

Linker script and memory map

LOAD ./xip/evkmimxrt1064_flexspi_nor_config.o
LOAD ./xip/fsl_flexspi_nor_boot.o
LOAD ./utilities/fsl_assert.o
LOAD ./utilities/fsl_debug_console.o
LOAD ./utilities/fsl_str.o
LOAD ./startup/startup_mimxrt1064.o
LOAD ./source/FlexCAN_Module.o
LOAD ./lib/hal/hal_rt1064.o
LOAD ./drivers/fsl_clock.o
LOAD ./drivers/fsl_common.o
LOAD ./drivers/fsl_common_arm.o
LOAD ./drivers/fsl_dmamux.o
LOAD ./drivers/fsl_edma.o
LOAD ./drivers/fsl_flexcan.o
LOAD ./drivers/fsl_flexcan_edma.o
LOAD ./drivers/fsl_gpio.o
LOAD ./drivers/fsl_gpt.o
LOAD ./drivers/fsl_lpuart.o
LOAD ./device/system_MIMXRT1064.o
LOAD ./component/uart/fsl_adapter_lpuart.o
LOAD ./component/serial_manager/fsl_component_serial_manager.o
LOAD ./component/serial_manager/fsl_component_serial_port_uart.o
LOAD ./component/lists/fsl_component_generic_list.o
LOAD ./board/board.o
LOAD ./board/can.o
LOAD ./board/can_ext.o
LOAD ./board/clock_config.o
LOAD ./board/dcd.o
LOAD ./board/peripherals.o
LOAD ./board/pin_mux.o
LOAD ./board/time.o
LOAD C:\Users\PLANTIUM\Documents\MCUXpressoIDE_11.8.0_1165\workspace\FlexCAN_Module\lib\libj1939_STEER_LIB.a
START GROUP
LOAD c:/nxp/mcuxpressoide_11.8.0_1165/ide/plugins/com.nxp.mcuxpresso.tools.win32_11.8.0.202306131047/tools/bin/../lib/gcc/arm-none-eabi/12.2.1/../../../../arm-none-eabi/lib/thumb/v7e-m+fp/hard\libcr_nohost_nf.a
LOAD c:/nxp/mcuxpressoide_11.8.0_1165/ide/plugins/com.nxp.mcuxpresso.tools.win32_11.8.0.202306131047/tools/bin/../lib/gcc/arm-none-eabi/12.2.1/../../../../arm-none-eabi/lib/thumb/v7e-m+fp/hard\libcr_c.a
LOAD c:/nxp/mcuxpressoide_11.8.0_1165/ide/plugins/com.nxp.mcuxpresso.tools.win32_11.8.0.202306131047/tools/bin/../lib/gcc/arm-none-eabi/12.2.1/thumb/v7e-m+fp/hard\libcr_eabihelpers.a
LOAD c:/nxp/mcuxpressoide_11.8.0_1165/ide/plugins/com.nxp.mcuxpresso.tools.win32_11.8.0.202306131047/tools/bin/../lib/gcc/arm-none-eabi/12.2.1/thumb/v7e-m+fp/hard\libgcc.a
END GROUP
                0x70000000                __base_PROGRAM_FLASH = 0x70000000
                0x70000000                __base_Flash = 0x70000000
                0x70400000                __top_PROGRAM_FLASH = 0x70400000
                0x70400000                __top_Flash = 0x70400000
                0x20000000                __base_SRAM_DTC = 0x20000000
                0x20000000                __base_RAM = 0x20000000
                0x20020000                __top_SRAM_DTC = 0x20020000
                0x20020000                __top_RAM = 0x20020000
                0x00000000                __base_SRAM_ITC = 0x0
                0x00000000                __base_RAM2 = 0x0
                0x00020000                __top_SRAM_ITC = 0x20000
                0x00020000                __top_RAM2 = 0x20000
                0x20200000                __base_SRAM_OC2 = 0x20200000
                0x20200000                __base_RAM3 = 0x20200000
                0x20280000                __top_SRAM_OC2 = 0x20280000
                0x20280000                __top_RAM3 = 0x20280000
                0x20280000                __base_SRAM_OC = 0x20280000
                0x20280000                __base_RAM4 = 0x20280000
                0x202c0000                __top_SRAM_OC = 0x202c0000
                0x202c0000                __top_RAM4 = 0x202c0000
                0x80000000                __base_BOARD_SDRAM = 0x80000000
                0x80000000                __base_RAM5 = 0x80000000
                0x81e00000                __top_BOARD_SDRAM = 0x81e00000
                0x81e00000                __top_RAM5 = 0x81e00000
                0x81e00000                __base_NCACHE_REGION = 0x81e00000
                0x81e00000                __base_RAM6 = 0x81e00000
                0x82000000                __top_NCACHE_REGION = 0x82000000
                0x82000000                __top_RAM6 = 0x82000000

.boot_hdr       0x70000000     0x2000
 FILL mask 0xff
                0x70000000                __boot_hdr_start__ = ABSOLUTE (.)
 *(SORT_BY_ALIGNMENT(.boot_hdr.conf))
 .boot_hdr.conf
                0x70000000      0x200 ./xip/evkmimxrt1064_flexspi_nor_config.o
                0x70000000                qspiflash_config
                0x00001000                . = 0x1000
 *fill*         0x70000200      0xe00 ff
 *(SORT_BY_ALIGNMENT(.boot_hdr.ivt))
 .boot_hdr.ivt  0x70001000       0x20 ./xip/fsl_flexspi_nor_boot.o
                0x70001000                image_vector_table
                0x00001020                . = 0x1020
 *(SORT_BY_ALIGNMENT(.boot_hdr.boot_data))
 .boot_hdr.boot_data
                0x70001020       0x10 ./xip/fsl_flexspi_nor_boot.o
                0x70001020                g_boot_data
                0x00001030                . = 0x1030
 *(SORT_BY_ALIGNMENT(.boot_hdr.dcd_data))
                0x70001030                __boot_hdr_end__ = ABSOLUTE (.)
                0x00002000                . = 0x2000
 *fill*         0x70001030      0xfd0 ff

.text           0x70002000     0xafa4
 FILL mask 0xff
                0x70002000                __vectors_start__ = ABSOLUTE (.)
 *(SORT_BY_ALIGNMENT(.isr_vector))
 .isr_vector    0x70002000      0x2b8 ./startup/startup_mimxrt1064.o
                0x70002000                g_pfnVectors
                0x70002000                __Vectors
                0x700022b8                . = ALIGN (0x4)
                0x700022b8                __section_table_start = .
                0x700022b8                __data_section_table = .
                0x700022b8        0x4 LONG 0x7000cfa4 LOADADDR (.data)
                0x700022bc        0x4 LONG 0x20000000 ADDR (.data)
                0x700022c0        0x4 LONG 0x34 SIZEOF (.data)
                0x700022c4        0x4 LONG 0x7000cfa4 LOADADDR (.data_RAM2)
                0x700022c8        0x4 LONG 0x0 ADDR (.data_RAM2)
                0x700022cc        0x4 LONG 0x0 SIZEOF (.data_RAM2)
                0x700022d0        0x4 LONG 0x7000cfa4 LOADADDR (.data_RAM3)
                0x700022d4        0x4 LONG 0x20200000 ADDR (.data_RAM3)
                0x700022d8        0x4 LONG 0x0 SIZEOF (.data_RAM3)
                0x700022dc        0x4 LONG 0x7000cfa4 LOADADDR (.data_RAM4)
                0x700022e0        0x4 LONG 0x20280000 ADDR (.data_RAM4)
                0x700022e4        0x4 LONG 0x0 SIZEOF (.data_RAM4)
                0x700022e8        0x4 LONG 0x7000cfa4 LOADADDR (.data_RAM5)
                0x700022ec        0x4 LONG 0x80000000 ADDR (.data_RAM5)
                0x700022f0        0x4 LONG 0x0 SIZEOF (.data_RAM5)
                0x700022f4        0x4 LONG 0x7000cfa4 LOADADDR (.data_RAM6)
                0x700022f8        0x4 LONG 0x81e00000 ADDR (.data_RAM6)
                0x700022fc        0x4 LONG 0x0 SIZEOF (.data_RAM6)
                0x70002300                __data_section_table_end = .
                0x70002300                __bss_section_table = .
                0x70002300        0x4 LONG 0x20000034 ADDR (.bss)
                0x70002304        0x4 LONG 0xa188 SIZEOF (.bss)
                0x70002308        0x4 LONG 0x0 ADDR (.bss_RAM2)
                0x7000230c        0x4 LONG 0x0 SIZEOF (.bss_RAM2)
                0x70002310        0x4 LONG 0x20200000 ADDR (.bss_RAM3)
                0x70002314        0x4 LONG 0x0 SIZEOF (.bss_RAM3)
                0x70002318        0x4 LONG 0x20280000 ADDR (.bss_RAM4)
                0x7000231c        0x4 LONG 0x0 SIZEOF (.bss_RAM4)
                0x70002320        0x4 LONG 0x80000000 ADDR (.bss_RAM5)
                0x70002324        0x4 LONG 0x0 SIZEOF (.bss_RAM5)
                0x70002328        0x4 LONG 0x81e00000 ADDR (.bss_RAM6)
                0x7000232c        0x4 LONG 0x0 SIZEOF (.bss_RAM6)
                0x70002330                __bss_section_table_end = .
                0x70002330                __section_table_end = .
 *(SORT_BY_ALIGNMENT(.after_vectors*))
 .after_vectors.reset
                0x70002330       0x54 ./startup/startup_mimxrt1064.o
                0x70002330                ResetISR
 .after_vectors.init_data
                0x70002384       0x1e ./startup/startup_mimxrt1064.o
                0x70002384                data_init
 .after_vectors.init_bss
                0x700023a2       0x12 ./startup/startup_mimxrt1064.o
                0x700023a2                bss_init
 .after_vectors
                0x700023b4       0x14 ./startup/startup_mimxrt1064.o
                0x700023b4                NMI_Handler
                0x700023b6                HardFault_Handler
                0x700023b8                MemManage_Handler
                0x700023ba                BusFault_Handler
                0x700023bc                UsageFault_Handler
                0x700023be                SVC_Handler
                0x700023c0                DebugMon_Handler
                0x700023c2                PendSV_Handler
                0x700023c4                SysTick_Handler
                0x700023c6                PMU_EVENT_DriverIRQHandler
                0x700023c6                PWM4_FAULT_DriverIRQHandler
                0x700023c6                FLEXRAM_DriverIRQHandler
                0x700023c6                LCDIF_DriverIRQHandler
                0x700023c6                CCM_2_DriverIRQHandler
                0x700023c6                SEMC_DriverIRQHandler
                0x700023c6                SPDIF_DriverIRQHandler
                0x700023c6                PIT_DriverIRQHandler
                0x700023c6                PWM4_3_DriverIRQHandler
                0x700023c6                ENET2_DriverIRQHandler
                0x700023c6                LPSPI4_DriverIRQHandler
                0x700023c6                SAI3_RX_DriverIRQHandler
                0x700023c6                USB_PHY1_DriverIRQHandler
                0x700023c6                GPIO3_Combined_0_15_DriverIRQHandler
                0x700023c6                Reserved171_DriverIRQHandler
                0x700023c6                BEE_DriverIRQHandler
                0x700023c6                LPI2C3_DriverIRQHandler
                0x700023c6                GPR_IRQ_DriverIRQHandler
                0x700023c6                PWM2_FAULT_DriverIRQHandler
                0x700023c6                PWM3_1_DriverIRQHandler
                0x700023c6                TMR1_DriverIRQHandler
                0x700023c6                TRNG_DriverIRQHandler
                0x700023c6                PWM3_2_DriverIRQHandler
                0x700023c6                ENET_1588_Timer_DriverIRQHandler
                0x700023c6                FLEXIO2_DriverIRQHandler
                0x700023c6                GPIO2_Combined_16_31_DriverIRQHandler
                0x700023c6                Reserved143_DriverIRQHandler
                0x700023c6                LPSPI2_DriverIRQHandler
                0x700023c6                PWM4_1_DriverIRQHandler
                0x700023c6                PWM3_3_DriverIRQHandler
                0x700023c6                IntDefaultHandler
                0x700023c6                SRC_DriverIRQHandler
                0x700023c6                GPIO1_INT4_DriverIRQHandler
                0x700023c6                Reserved144_DriverIRQHandler
                0x700023c6                USDHC1_DriverIRQHandler
                0x700023c6                ENC3_DriverIRQHandler
                0x700023c6                PWM3_FAULT_DriverIRQHandler
                0x700023c6                FLEXSPI2_DriverIRQHandler
                0x700023c6                TSC_DIG_DriverIRQHandler
                0x700023c6                WDOG1_DriverIRQHandler
                0x700023c6                FLEXIO1_DriverIRQHandler
                0x700023c6                ENET_DriverIRQHandler
                0x700023c6                Reserved78_DriverIRQHandler
                0x700023c6                TMR4_DriverIRQHandler
                0x700023c6                ENC2_DriverIRQHandler
                0x700023c6                ADC_ETC_IRQ2_DriverIRQHandler
                0x700023c6                GPIO1_Combined_16_31_DriverIRQHandler
                0x700023c6                GPIO1_INT7_DriverIRQHandler
                0x700023c6                SAI1_DriverIRQHandler
                0x700023c6                DCDC_DriverIRQHandler
                0x700023c6                PWM4_0_DriverIRQHandler
                0x700023c6                ADC_ETC_ERROR_IRQ_DriverIRQHandler
                0x700023c6                ACMP2_DriverIRQHandler
                0x700023c6                GPIO5_Combined_0_15_DriverIRQHandler
                0x700023c6                GPIO1_INT0_DriverIRQHandler
                0x700023c6                GPIO1_INT2_DriverIRQHandler
                0x700023c6                RTWDOG_DriverIRQHandler
                0x700023c6                FLEXSPI_DriverIRQHandler
                0x700023c6                GPT2_DriverIRQHandler
                0x700023c6                USB_PHY2_DriverIRQHandler
                0x700023c6                PWM2_1_DriverIRQHandler
                0x700023c6                PWM1_1_DriverIRQHandler
                0x700023c6                PXP_DriverIRQHandler
                0x700023c6                ADC1_DriverIRQHandler
                0x700023c6                PWM1_0_DriverIRQHandler
                0x700023c6                SJC_DriverIRQHandler
                0x700023c6                ENC1_DriverIRQHandler
                0x700023c6                ENC4_DriverIRQHandler
                0x700023c6                DCP_DriverIRQHandler
                0x700023c6                CTI0_ERROR_DriverIRQHandler
                0x700023c6                GPT1_DriverIRQHandler
                0x700023c6                ACMP3_DriverIRQHandler
                0x700023c6                CSU_DriverIRQHandler
                0x700023c6                GPIO1_INT5_DriverIRQHandler
                0x700023c6                TMR3_DriverIRQHandler
                0x700023c6                TMR2_DriverIRQHandler
                0x700023c6                CTI1_ERROR_DriverIRQHandler
                0x700023c6                GPIO1_Combined_0_15_DriverIRQHandler
                0x700023c6                USDHC2_DriverIRQHandler
                0x700023c6                PWM4_2_DriverIRQHandler
                0x700023c6                KPP_DriverIRQHandler
                0x700023c6                SAI2_DriverIRQHandler
                0x700023c6                CORE_DriverIRQHandler
                0x700023c6                EWM_DriverIRQHandler
                0x700023c6                CSI_DriverIRQHandler
                0x700023c6                PWM2_3_DriverIRQHandler
                0x700023c6                XBAR1_IRQ_2_3_DriverIRQHandler
                0x700023c6                SNVS_HP_WRAPPER_TZ_DriverIRQHandler
                0x700023c6                GPIO3_Combined_16_31_DriverIRQHandler
                0x700023c6                PWM1_FAULT_DriverIRQHandler
                0x700023c6                LPI2C1_DriverIRQHandler
                0x700023c6                ENET2_1588_Timer_DriverIRQHandler
                0x700023c6                PWM2_2_DriverIRQHandler
                0x700023c6                SNVS_HP_WRAPPER_DriverIRQHandler
                0x700023c6                XBAR1_IRQ_0_1_DriverIRQHandler
                0x700023c6                ADC_ETC_IRQ1_DriverIRQHandler
                0x700023c6                LPSPI1_DriverIRQHandler
                0x700023c6                GPIO1_INT3_DriverIRQHandler
                0x700023c6                DCP_VMI_DriverIRQHandler
                0x700023c6                LPI2C4_DriverIRQHandler
                0x700023c6                GPC_DriverIRQHandler
                0x700023c6                GPIO2_Combined_0_15_DriverIRQHandler
                0x700023c6                PWM1_2_DriverIRQHandler
                0x700023c6                USB_OTG1_DriverIRQHandler
                0x700023c6                TEMP_LOW_HIGH_DriverIRQHandler
                0x700023c6                SAI3_TX_DriverIRQHandler
                0x700023c6                FLEXIO3_DriverIRQHandler
                0x700023c6                WDOG2_DriverIRQHandler
                0x700023c6                Reserved68_DriverIRQHandler
                0x700023c6                PWM3_0_DriverIRQHandler
                0x700023c6                GPIO4_Combined_0_15_DriverIRQHandler
                0x700023c6                GPIO4_Combined_16_31_DriverIRQHandler
                0x700023c6                GPIO6_7_8_9_DriverIRQHandler
                0x700023c6                GPIO5_Combined_16_31_DriverIRQHandler
                0x700023c6                CCM_1_DriverIRQHandler
                0x700023c6                ADC2_DriverIRQHandler
                0x700023c6                Reserved115_DriverIRQHandler
                0x700023c6                TEMP_PANIC_DriverIRQHandler
                0x700023c6                ACMP4_DriverIRQHandler
                0x700023c6                LPSPI3_DriverIRQHandler
                0x700023c6                PWM1_3_DriverIRQHandler
                0x700023c6                ACMP1_DriverIRQHandler
                0x700023c6                LPI2C2_DriverIRQHandler
                0x700023c6                Reserved86_DriverIRQHandler
                0x700023c6                GPIO10_DriverIRQHandler
                0x700023c6                DMA_ERROR_DriverIRQHandler
                0x700023c6                ADC_ETC_IRQ0_DriverIRQHandler
                0x700023c6                GPIO1_INT6_DriverIRQHandler
                0x700023c6                GPIO1_INT1_DriverIRQHandler
                0x700023c6                PWM2_0_DriverIRQHandler
                0x700023c6                SNVS_LP_WRAPPER_DriverIRQHandler
                0x700023c6                USB_OTG2_DriverIRQHandler
 *(SORT_BY_ALIGNMENT(.text*))
 .text.__assertion_failed
                0x700023c8       0x18 ./utilities/fsl_assert.o
                0x700023c8                __assertion_failed
 .text.DbgConsole_SendDataReliable
                0x700023e0       0x54 ./utilities/fsl_debug_console.o
                0x700023e0                DbgConsole_SendDataReliable
 .text.DbgConsole_Init
                0x70002434      0x138 ./utilities/fsl_debug_console.o
                0x70002434                DbgConsole_Init
 .text.DbgConsole_Vprintf
                0x7000256c       0x6c ./utilities/fsl_debug_console.o
                0x7000256c                DbgConsole_Vprintf
 .text.CLOCK_ControlGate
                0x700025d8       0x60 ./source/FlexCAN_Module.o
 .text.main     0x70002638       0xc0 ./source/FlexCAN_Module.o
                0x70002638                main
 .text.CAN_send_Msg
                0x700026f8       0x7c ./source/FlexCAN_Module.o
                0x700026f8                CAN_send_Msg
 .text.CANMSG_ABGC_Init
                0x70002774       0x54 ./source/FlexCAN_Module.o
                0x70002774                CANMSG_ABGC_Init
 .text.PAT_GEN_OnABGC
                0x700027c8       0x68 ./source/FlexCAN_Module.o
                0x700027c8                PAT_GEN_OnABGC
 .text.init_CAN
                0x70002830       0x34 ./lib/hal/hal_rt1064.o
                0x70002830                init_CAN
 .text.CLOCK_GetOscFreq
                0x70002864       0x30 ./drivers/fsl_clock.o
 .text.CLOCK_GetPeriphClkFreq
                0x70002894       0xec ./drivers/fsl_clock.o
 .text.CLOCK_GetPllUsb1SWFreq
                0x70002980       0x44 ./drivers/fsl_clock.o
 .text.CLOCK_InitExternalClk
                0x700029c4       0x6c ./drivers/fsl_clock.o
                0x700029c4                CLOCK_InitExternalClk
 .text.CLOCK_SwitchOsc
                0x70002a30       0x34 ./drivers/fsl_clock.o
                0x70002a30                CLOCK_SwitchOsc
 .text.CLOCK_InitRcOsc24M
                0x70002a64       0x24 ./drivers/fsl_clock.o
                0x70002a64                CLOCK_InitRcOsc24M
 .text.CLOCK_GetAhbFreq
                0x70002a88       0x24 ./drivers/fsl_clock.o
                0x70002a88                CLOCK_GetAhbFreq
 .text.CLOCK_GetSemcFreq
                0x70002aac       0x5c ./drivers/fsl_clock.o
                0x70002aac                CLOCK_GetSemcFreq
 .text.CLOCK_GetIpgFreq
                0x70002b08       0x24 ./drivers/fsl_clock.o
                0x70002b08                CLOCK_GetIpgFreq
 .text.CLOCK_GetPerClkFreq
                0x70002b2c       0x40 ./drivers/fsl_clock.o
                0x70002b2c                CLOCK_GetPerClkFreq
 .text.CLOCK_GetFreq
                0x70002b6c      0x1c8 ./drivers/fsl_clock.o
                0x70002b6c                CLOCK_GetFreq
 .text.CLOCK_InitArmPll
                0x70002d34       0x68 ./drivers/fsl_clock.o
                0x70002d34                CLOCK_InitArmPll
 .text.CLOCK_InitSysPll
                0x70002d9c       0x9c ./drivers/fsl_clock.o
                0x70002d9c                CLOCK_InitSysPll
 .text.CLOCK_DeinitUsb2Pll
                0x70002e38       0x18 ./drivers/fsl_clock.o
                0x70002e38                CLOCK_DeinitUsb2Pll
 .text.CLOCK_DeinitAudioPll
                0x70002e50       0x1c ./drivers/fsl_clock.o
                0x70002e50                CLOCK_DeinitAudioPll
 .text.CLOCK_DeinitEnetPll
                0x70002e6c       0x1c ./drivers/fsl_clock.o
                0x70002e6c                CLOCK_DeinitEnetPll
 .text.CLOCK_GetPllFreq
                0x70002e88      0x434 ./drivers/fsl_clock.o
                0x70002e88                CLOCK_GetPllFreq
 .text.CLOCK_InitSysPfd
                0x700032bc       0x64 ./drivers/fsl_clock.o
                0x700032bc                CLOCK_InitSysPfd
 .text.CLOCK_GetSysPfdFreq
                0x70003320       0xac ./drivers/fsl_clock.o
                0x70003320                CLOCK_GetSysPfdFreq
 .text.CLOCK_GetUsb1PfdFreq
                0x700033cc       0xac ./drivers/fsl_clock.o
                0x700033cc                CLOCK_GetUsb1PfdFreq
 .text.EDMA_GetChannelStatusFlags
                0x70003478       0x74 ./drivers/fsl_edma.o
                0x70003478                EDMA_GetChannelStatusFlags
 .text.EDMA_HandleIRQ
                0x700034ec      0x1c0 ./drivers/fsl_edma.o
                0x700034ec                EDMA_HandleIRQ
 .text.DMA0_DMA16_DriverIRQHandler
                0x700036ac       0x50 ./drivers/fsl_edma.o
                0x700036ac                DMA0_DMA16_DriverIRQHandler
 .text.DMA1_DMA17_DriverIRQHandler
                0x700036fc       0x50 ./drivers/fsl_edma.o
                0x700036fc                DMA1_DMA17_DriverIRQHandler
 .text.DMA2_DMA18_DriverIRQHandler
                0x7000374c       0x50 ./drivers/fsl_edma.o
                0x7000374c                DMA2_DMA18_DriverIRQHandler
 .text.DMA3_DMA19_DriverIRQHandler
                0x7000379c       0x50 ./drivers/fsl_edma.o
                0x7000379c                DMA3_DMA19_DriverIRQHandler
 .text.DMA4_DMA20_DriverIRQHandler
                0x700037ec       0x50 ./drivers/fsl_edma.o
                0x700037ec                DMA4_DMA20_DriverIRQHandler
 .text.DMA5_DMA21_DriverIRQHandler
                0x7000383c       0x50 ./drivers/fsl_edma.o
                0x7000383c                DMA5_DMA21_DriverIRQHandler
 .text.DMA6_DMA22_DriverIRQHandler
                0x7000388c       0x50 ./drivers/fsl_edma.o
                0x7000388c                DMA6_DMA22_DriverIRQHandler
 .text.DMA7_DMA23_DriverIRQHandler
                0x700038dc       0x50 ./drivers/fsl_edma.o
                0x700038dc                DMA7_DMA23_DriverIRQHandler
 .text.DMA8_DMA24_DriverIRQHandler
                0x7000392c       0x50 ./drivers/fsl_edma.o
                0x7000392c                DMA8_DMA24_DriverIRQHandler
 .text.DMA9_DMA25_DriverIRQHandler
                0x7000397c       0x50 ./drivers/fsl_edma.o
                0x7000397c                DMA9_DMA25_DriverIRQHandler
 .text.DMA10_DMA26_DriverIRQHandler
                0x700039cc       0x50 ./drivers/fsl_edma.o
                0x700039cc                DMA10_DMA26_DriverIRQHandler
 .text.DMA11_DMA27_DriverIRQHandler
                0x70003a1c       0x50 ./drivers/fsl_edma.o
                0x70003a1c                DMA11_DMA27_DriverIRQHandler
 .text.DMA12_DMA28_DriverIRQHandler
                0x70003a6c       0x50 ./drivers/fsl_edma.o
                0x70003a6c                DMA12_DMA28_DriverIRQHandler
 .text.DMA13_DMA29_DriverIRQHandler
                0x70003abc       0x50 ./drivers/fsl_edma.o
                0x70003abc                DMA13_DMA29_DriverIRQHandler
 .text.DMA14_DMA30_DriverIRQHandler
                0x70003b0c       0x50 ./drivers/fsl_edma.o
                0x70003b0c                DMA14_DMA30_DriverIRQHandler
 .text.DMA15_DMA31_DriverIRQHandler
                0x70003b5c       0x50 ./drivers/fsl_edma.o
                0x70003b5c                DMA15_DMA31_DriverIRQHandler
 .text.CLOCK_ControlGate
                0x70003bac       0x60 ./drivers/fsl_flexcan.o
 .text.FLEXCAN_GetInstance
                0x70003c0c       0x4c ./drivers/fsl_flexcan.o
                0x70003c0c                FLEXCAN_GetInstance
 .text.FLEXCAN_Reset
                0x70003c58       0xe0 ./drivers/fsl_flexcan.o
 .text.FLEXCAN_Init
                0x70003d38      0x28c ./drivers/fsl_flexcan.o
                0x70003d38                FLEXCAN_Init
 .text.FLEXCAN_SetTimingConfig
                0x70003fc4      0x118 ./drivers/fsl_flexcan.o
                0x70003fc4                FLEXCAN_SetTimingConfig
 .text.FLEXCAN_SetTxMbConfig
                0x700040dc       0xa4 ./drivers/fsl_flexcan.o
                0x700040dc                FLEXCAN_SetTxMbConfig
 .text.FLEXCAN_SetRxMbConfig
                0x70004180       0xf8 ./drivers/fsl_flexcan.o
                0x70004180                FLEXCAN_SetRxMbConfig
 .text.FLEXCAN_WriteTxMb
                0x70004278      0x188 ./drivers/fsl_flexcan.o
                0x70004278                FLEXCAN_WriteTxMb
 .text.FLEXCAN_ReadRxMb
                0x70004400      0x124 ./drivers/fsl_flexcan.o
                0x70004400                FLEXCAN_ReadRxMb
 .text.CAN1_DriverIRQHandler
                0x70004524       0x3c ./drivers/fsl_flexcan.o
                0x70004524                CAN1_DriverIRQHandler
 .text.CAN3_DriverIRQHandler
                0x70004560       0x3c ./drivers/fsl_flexcan.o
                0x70004560                CAN3_DriverIRQHandler
 .text.CLOCK_ControlGate
                0x7000459c       0x60 ./drivers/fsl_gpt.o
 .text.GPT_SetClockDivider
                0x700045fc       0x40 ./drivers/fsl_gpt.o
 .text.GPT_GetInstance
                0x7000463c       0x4c ./drivers/fsl_gpt.o
 .text.GPT_Init
                0x70004688       0xc4 ./drivers/fsl_gpt.o
                0x70004688                GPT_Init
 .text.GPT_GetDefaultConfig
                0x7000474c       0x5c ./drivers/fsl_gpt.o
                0x7000474c                GPT_GetDefaultConfig
 .text.CLOCK_ControlGate
                0x700047a8       0x60 ./drivers/fsl_lpuart.o
 .text.LPUART_GetInstance
                0x70004808       0x4c ./drivers/fsl_lpuart.o
                0x70004808                LPUART_GetInstance
 .text.LPUART_Init
                0x70004854      0x320 ./drivers/fsl_lpuart.o
                0x70004854                LPUART_Init
 .text.LPUART_GetDefaultConfig
                0x70004b74       0x88 ./drivers/fsl_lpuart.o
                0x70004b74                LPUART_GetDefaultConfig
 .text.LPUART_WriteBlocking
                0x70004bfc       0x68 ./drivers/fsl_lpuart.o
                0x70004bfc                LPUART_WriteBlocking
 .text.LPUART1_DriverIRQHandler
                0x70004c64       0x28 ./drivers/fsl_lpuart.o
                0x70004c64                LPUART1_DriverIRQHandler
 .text.LPUART2_DriverIRQHandler
                0x70004c8c       0x28 ./drivers/fsl_lpuart.o
                0x70004c8c                LPUART2_DriverIRQHandler
 .text.LPUART3_DriverIRQHandler
                0x70004cb4       0x28 ./drivers/fsl_lpuart.o
                0x70004cb4                LPUART3_DriverIRQHandler
 .text.LPUART4_DriverIRQHandler
                0x70004cdc       0x28 ./drivers/fsl_lpuart.o
                0x70004cdc                LPUART4_DriverIRQHandler
 .text.LPUART5_DriverIRQHandler
                0x70004d04       0x28 ./drivers/fsl_lpuart.o
                0x70004d04                LPUART5_DriverIRQHandler
 .text.LPUART6_DriverIRQHandler
                0x70004d2c       0x28 ./drivers/fsl_lpuart.o
                0x70004d2c                LPUART6_DriverIRQHandler
 .text.LPUART7_DriverIRQHandler
                0x70004d54       0x28 ./drivers/fsl_lpuart.o
                0x70004d54                LPUART7_DriverIRQHandler
 .text.LPUART8_DriverIRQHandler
                0x70004d7c       0x28 ./drivers/fsl_lpuart.o
                0x70004d7c                LPUART8_DriverIRQHandler
 .text.SystemInit
                0x70004da4      0x144 ./device/system_MIMXRT1064.o
                0x70004da4                SystemInit
 .text.HAL_UartInitCommon
                0x70004ee8       0xe0 ./component/uart/fsl_adapter_lpuart.o
 .text.HAL_UartInit
                0x70004fc8       0x84 ./component/uart/fsl_adapter_lpuart.o
                0x70004fc8                HAL_UartInit
 .text.HAL_UartSendBlocking
                0x7000504c       0x64 ./component/uart/fsl_adapter_lpuart.o
                0x7000504c                HAL_UartSendBlocking
 .text.ARM_MPU_Enable
                0x700050b0       0x44 ./board/board.o
 .text.ARM_MPU_Disable
                0x700050f4       0x40 ./board/board.o
 .text.CLOCK_GetMux
                0x70005134       0x44 ./board/board.o
 .text.CLOCK_GetDiv
                0x70005178       0x44 ./board/board.o
 .text.CLOCK_GetOscFreq
                0x700051bc       0x30 ./board/board.o
 .text.BOARD_DebugConsoleSrcFreq
                0x700051ec       0x64 ./board/board.o
                0x700051ec                BOARD_DebugConsoleSrcFreq
 .text.BOARD_ConfigMPU
                0x70005250      0x34c ./board/board.o
                0x70005250                BOARD_ConfigMPU
 .text.CAN_wrMsg
                0x7000559c       0x98 ./board/can.o
                0x7000559c                CAN_wrMsg
 .text.CAN_rdMsg
                0x70005634       0x74 ./board/can.o
                0x70005634                CAN_rdMsg
 .text.CAN_ProcessIRQ
                0x700056a8       0x58 ./board/can.o
                0x700056a8                CAN_ProcessIRQ
 .text.init_can
                0x70005700       0x40 ./board/can_ext.o
                0x70005700                init_can
 .text.CLOCK_SetMux
                0x70005740       0x9c ./board/clock_config.o
 .text.CLOCK_SetDiv
                0x700057dc       0x9c ./board/clock_config.o
 .text.CLOCK_ControlGate
                0x70005878       0x60 ./board/clock_config.o
 .text.CLOCK_SetXtalFreq
                0x700058d8       0x20 ./board/clock_config.o
 .text.CLOCK_SetRtcXtalFreq
                0x700058f8       0x20 ./board/clock_config.o
 .text.IOMUXC_MQSConfig
                0x70005918       0x44 ./board/clock_config.o
 .text.BOARD_BootClockRUN
                0x7000595c      0x6d0 ./board/clock_config.o
                0x7000595c                BOARD_BootClockRUN
 .text.__NVIC_EnableIRQ
                0x7000602c       0x3c ./board/peripherals.o
 .text.BOARD_LPUART1_init
                0x70006068       0x20 ./board/peripherals.o
 .text.BOARD_CAN2_init
                0x70006088       0x4c ./board/peripherals.o
 .text.BOARD_InitPins_CAN2
                0x700060d4       0x48 ./board/pin_mux.o
                0x700060d4                BOARD_InitPins_CAN2
 .text.BOARD_InitPins_UART1
                0x7000611c       0x44 ./board/pin_mux.o
                0x7000611c                BOARD_InitPins_UART1
 .text.__NVIC_EnableIRQ
                0x70006160       0x3c ./board/time.o
 .text.GPT_SetClockDivider
                0x7000619c       0x40 ./board/time.o
 .text.GPT_SetOutputCompareValue
                0x700061dc       0x34 ./board/time.o
 .text.TIME_Init
                0x70006210       0x60 ./board/time.o
                0x70006210                TIME_Init
 .text.GPT1_IRQHandler
                0x70006270       0x28 ./board/time.o
                0x70006270                GPT1_IRQHandler
 .text.TIME_Get
                0x70006298       0x18 ./board/time.o
                0x70006298                TIME_Get
 .text.OnPgn_J1939
                0x700062b0      0x250 C:\Users\PLANTIUM\Documents\MCUXpressoIDE_11.8.0_1165\workspace\FlexCAN_Module\lib\libj1939_STEER_LIB.a(OnPgn_J1939.o)
                0x700062b0                OnPgn_J1939
 .text.FunctionAllFilter_J1939
                0x70006500       0x24 C:\Users\PLANTIUM\Documents\MCUXpressoIDE_11.8.0_1165\workspace\FlexCAN_Module\lib\libj1939_STEER_LIB.a(OnPgn_J1939.o)
                0x70006500                FunctionAllFilter_J1939
 .text.Open_J1939
                0x70006524      0x28c C:\Users\PLANTIUM\Documents\MCUXpressoIDE_11.8.0_1165\workspace\FlexCAN_Module\lib\libj1939_STEER_LIB.a(Open_J1939.o)
                0x70006524                Open_J1939
 .text.Output_J1939
                0x700067b0      0x25c C:\Users\PLANTIUM\Documents\MCUXpressoIDE_11.8.0_1165\workspace\FlexCAN_Module\lib\libj1939_STEER_LIB.a(Output_J1939.o)
                0x700067b0                Output_J1939
 .text.Processor_J1939
                0x70006a0c     0x182c C:\Users\PLANTIUM\Documents\MCUXpressoIDE_11.8.0_1165\workspace\FlexCAN_Module\lib\libj1939_STEER_LIB.a(Processor_J1939.o)
                0x70006a0c                Processor_J1939
 .text.ReceiveMessages_J1939
                0x70008238      0x360 C:\Users\PLANTIUM\Documents\MCUXpressoIDE_11.8.0_1165\workspace\FlexCAN_Module\lib\libj1939_STEER_LIB.a(ReceiveMessages_J1939.o)
                0x70008238                ReceiveMessages_J1939
 .text.TP_SM_J1939
                0x70008598       0x24 C:\Users\PLANTIUM\Documents\MCUXpressoIDE_11.8.0_1165\workspace\FlexCAN_Module\lib\libj1939_STEER_LIB.a(TP_J1939.o)
                0x70008598                TP_SM_J1939
 .text.TP_Set_SM_J1939
                0x700085bc       0x2c C:\Users\PLANTIUM\Documents\MCUXpressoIDE_11.8.0_1165\workspace\FlexCAN_Module\lib\libj1939_STEER_LIB.a(TP_J1939.o)
                0x700085bc                TP_Set_SM_J1939
 .text.TP_SetData_SM_J1939
                0x700085e8       0x20 C:\Users\PLANTIUM\Documents\MCUXpressoIDE_11.8.0_1165\workspace\FlexCAN_Module\lib\libj1939_STEER_LIB.a(TP_J1939.o)
                0x700085e8                TP_SetData_SM_J1939
 .text.TP_O_J1939
                0x70008608      0x1b8 C:\Users\PLANTIUM\Documents\MCUXpressoIDE_11.8.0_1165\workspace\FlexCAN_Module\lib\libj1939_STEER_LIB.a(TP_J1939.o)
                0x70008608                TP_O_J1939
 .text._IDLE_O_SM_J1939
                0x700087c0       0xc8 C:\Users\PLANTIUM\Documents\MCUXpressoIDE_11.8.0_1165\workspace\FlexCAN_Module\lib\libj1939_STEER_LIB.a(TP_J1939.o)
 .text.RegisterTP_R_J1939
                0x70008888      0x1cc C:\Users\PLANTIUM\Documents\MCUXpressoIDE_11.8.0_1165\workspace\FlexCAN_Module\lib\libj1939_STEER_LIB.a(TP_J1939.o)
                0x70008888                RegisterTP_R_J1939
 .text.TimerEventInit_J1939
                0x70008a54       0x24 C:\Users\PLANTIUM\Documents\MCUXpressoIDE_11.8.0_1165\workspace\FlexCAN_Module\lib\libj1939_STEER_LIB.a(TimerEvent_J1939.o)
                0x70008a54                TimerEventInit_J1939
 .text.TimerEvent_J1939
                0x70008a78      0x2f8 C:\Users\PLANTIUM\Documents\MCUXpressoIDE_11.8.0_1165\workspace\FlexCAN_Module\lib\libj1939_STEER_LIB.a(TimerEvent_J1939.o)
                0x70008a78                TimerEvent_J1939
 .text.TimerProcess_J1939
                0x70008d70      0x198 C:\Users\PLANTIUM\Documents\MCUXpressoIDE_11.8.0_1165\workspace\FlexCAN_Module\lib\libj1939_STEER_LIB.a(TimerEvent_J1939.o)
                0x70008d70                TimerProcess_J1939
 .text.TimeOut_J1939
                0x70008f08       0x98 C:\Users\PLANTIUM\Documents\MCUXpressoIDE_11.8.0_1165\workspace\FlexCAN_Module\lib\libj1939_STEER_LIB.a(TimerEvent_J1939.o)
                0x70008f08                TimeOut_J1939
 .text.ResetTimeOut_J1939
                0x70008fa0       0xa8 C:\Users\PLANTIUM\Documents\MCUXpressoIDE_11.8.0_1165\workspace\FlexCAN_Module\lib\libj1939_STEER_LIB.a(TimerEvent_J1939.o)
                0x70008fa0                ResetTimeOut_J1939
 .text.ACKM_CANMSG
                0x70009048       0x84 C:\Users\PLANTIUM\Documents\MCUXpressoIDE_11.8.0_1165\workspace\FlexCAN_Module\lib\libj1939_STEER_LIB.a(ACKM_canmsg.o)
                0x70009048                ACKM_CANMSG
 .text.TPCM_RTS_CANMSG
                0x700090cc       0x68 C:\Users\PLANTIUM\Documents\MCUXpressoIDE_11.8.0_1165\workspace\FlexCAN_Module\lib\libj1939_STEER_LIB.a(TPCM_canmsg.o)
                0x700090cc                TPCM_RTS_CANMSG
 .text.TPCM_CTS_CANMSG
                0x70009134       0x74 C:\Users\PLANTIUM\Documents\MCUXpressoIDE_11.8.0_1165\workspace\FlexCAN_Module\lib\libj1939_STEER_LIB.a(TPCM_canmsg.o)
                0x70009134                TPCM_CTS_CANMSG
 .text.TPCM_EOMACK_CANMSG
                0x700091a8       0x6c C:\Users\PLANTIUM\Documents\MCUXpressoIDE_11.8.0_1165\workspace\FlexCAN_Module\lib\libj1939_STEER_LIB.a(TPCM_canmsg.o)
                0x700091a8                TPCM_EOMACK_CANMSG
 .text.TPCM_BAM_CANMSG
                0x70009214       0x6c C:\Users\PLANTIUM\Documents\MCUXpressoIDE_11.8.0_1165\workspace\FlexCAN_Module\lib\libj1939_STEER_LIB.a(TPCM_canmsg.o)
                0x70009214                TPCM_BAM_CANMSG
 .text.TPDT_CANMSG
                0x70009280       0x5c C:\Users\PLANTIUM\Documents\MCUXpressoIDE_11.8.0_1165\workspace\FlexCAN_Module\lib\libj1939_STEER_LIB.a(TPDT_canmsg.o)
                0x70009280                TPDT_CANMSG
 .text.InitializeFilterBridge_J1939
                0x700092dc       0x64 C:\Users\PLANTIUM\Documents\MCUXpressoIDE_11.8.0_1165\workspace\FlexCAN_Module\lib\libj1939_STEER_LIB.a(AddFilterBridge_J1939.o)
                0x700092dc                InitializeFilterBridge_J1939
 .text.InitializeFilter_J1939
                0x70009340       0x64 C:\Users\PLANTIUM\Documents\MCUXpressoIDE_11.8.0_1165\workspace\FlexCAN_Module\lib\libj1939_STEER_LIB.a(AddFilter_J1939.o)
                0x70009340                InitializeFilter_J1939
 .text.AddFilter_J1939
                0x700093a4       0x8c C:\Users\PLANTIUM\Documents\MCUXpressoIDE_11.8.0_1165\workspace\FlexCAN_Module\lib\libj1939_STEER_LIB.a(AddFilter_J1939.o)
                0x700093a4                AddFilter_J1939
 .text.ifAllFilter_J1939
                0x70009430       0x20 C:\Users\PLANTIUM\Documents\MCUXpressoIDE_11.8.0_1165\workspace\FlexCAN_Module\lib\libj1939_STEER_LIB.a(AddFilter_J1939.o)
                0x70009430                ifAllFilter_J1939
 .text.AddressClaim_J1939
                0x70009450       0xc8 C:\Users\PLANTIUM\Documents\MCUXpressoIDE_11.8.0_1165\workspace\FlexCAN_Module\lib\libj1939_STEER_LIB.a(AddressClaim_J1939.o)
                0x70009450                AddressClaim_J1939
 .text.OnAddressClaim_J1939
                0x70009518      0x23c C:\Users\PLANTIUM\Documents\MCUXpressoIDE_11.8.0_1165\workspace\FlexCAN_Module\lib\libj1939_STEER_LIB.a(AddressClaim_J1939.o)
                0x70009518                OnAddressClaim_J1939
 .text.OnRequestForAddressClaim_J1939
                0x70009754       0x3c C:\Users\PLANTIUM\Documents\MCUXpressoIDE_11.8.0_1165\workspace\FlexCAN_Module\lib\libj1939_STEER_LIB.a(AddressClaim_J1939.o)
                0x70009754                OnRequestForAddressClaim_J1939
 .text.DequeueMessage_J1939
                0x70009790       0xac C:\Users\PLANTIUM\Documents\MCUXpressoIDE_11.8.0_1165\workspace\FlexCAN_Module\lib\libj1939_STEER_LIB.a(DequeueMessage_J1939.o)
                0x70009790                DequeueMessage_J1939
 .text.EnqueueMessage_J1939
                0x7000983c       0x40 C:\Users\PLANTIUM\Documents\MCUXpressoIDE_11.8.0_1165\workspace\FlexCAN_Module\lib\libj1939_STEER_LIB.a(EnqueueMessage_J1939.o)
                0x7000983c                EnqueueMessage_J1939
 .text.TransmitMessages_J1939
                0x7000987c       0xbc C:\Users\PLANTIUM\Documents\MCUXpressoIDE_11.8.0_1165\workspace\FlexCAN_Module\lib\libj1939_STEER_LIB.a(TransmitMessages_J1939.o)
                0x7000987c                TransmitMessages_J1939
 .text._initio  0x70009938       0x78 c:/nxp/mcuxpressoide_11.8.0_1165/ide/plugins/com.nxp.mcuxpresso.tools.win32_11.8.0.202306131047/tools/bin/../lib/gcc/arm-none-eabi/12.2.1/../../../../arm-none-eabi/lib/thumb/v7e-m+fp/hard\libcr_c.a(initio.o)
                0x70009938                _initio
 .text._Cwritebuf
                0x700099b0       0x6c c:/nxp/mcuxpressoide_11.8.0_1165/ide/plugins/com.nxp.mcuxpresso.tools.win32_11.8.0.202306131047/tools/bin/../lib/gcc/arm-none-eabi/12.2.1/../../../../arm-none-eabi/lib/thumb/v7e-m+fp/hard\libcr_c.a(_writebuf.o)
                0x700099b0                _Cwritebuf
 .text.fflush   0x70009a1c       0x3c c:/nxp/mcuxpressoide_11.8.0_1165/ide/plugins/com.nxp.mcuxpresso.tools.win32_11.8.0.202306131047/tools/bin/../lib/gcc/arm-none-eabi/12.2.1/../../../../arm-none-eabi/lib/thumb/v7e-m+fp/hard\libcr_c.a(fflush.o)
                0x70009a1c                fflush
 .text.fseek    0x70009a58       0xf8 c:/nxp/mcuxpressoide_11.8.0_1165/ide/plugins/com.nxp.mcuxpresso.tools.win32_11.8.0.202306131047/tools/bin/../lib/gcc/arm-none-eabi/12.2.1/../../../../arm-none-eabi/lib/thumb/v7e-m+fp/hard\libcr_c.a(fseek.o)
                0x70009a58                fseek
 .text.ftell    0x70009b50       0x44 c:/nxp/mcuxpressoide_11.8.0_1165/ide/plugins/com.nxp.mcuxpresso.tools.win32_11.8.0.202306131047/tools/bin/../lib/gcc/arm-none-eabi/12.2.1/../../../../arm-none-eabi/lib/thumb/v7e-m+fp/hard\libcr_c.a(ftell.o)
                0x70009b50                ftell
 .text.DbgConsole_PrintCallback
                0x70009b94       0x66 ./utilities/fsl_debug_console.o
 .text.DbgConsole_Printf
                0x70009bfa       0x2c ./utilities/fsl_debug_console.o
                0x70009bfa                DbgConsole_Printf
 .text.PrintGetWidth
                0x70009c26       0x6a ./utilities/fsl_str.o
 .text.PrintGetPrecision
                0x70009c90       0x8c ./utilities/fsl_str.o
 .text.PrintIsobpu
                0x70009d1c       0x38 ./utilities/fsl_str.o
 .text.PrintIsdi
                0x70009d54       0x2c ./utilities/fsl_str.o
 .text.PrintOutputdifFobpu
                0x70009d80       0x44 ./utilities/fsl_str.o
 .text.PrintOutputxX
                0x70009dc4       0x44 ./utilities/fsl_str.o
 .text.PrintIsfF
                0x70009e08       0x2c ./utilities/fsl_str.o
 .text.PrintIsxX
                0x70009e34       0x2c ./utilities/fsl_str.o
 .text.PrintFilterLengthFlag
                0x70009e60       0x3e ./utilities/fsl_str.o
 .text.PrintGetRadixFromobpu
                0x70009e9e       0x40 ./utilities/fsl_str.o
 .text.ConvertRadixNumToString
                0x70009ede       0xc2 ./utilities/fsl_str.o
 .text.StrFormatPrintf
                0x70009fa0      0x2ac ./utilities/fsl_str.o
                0x70009fa0                StrFormatPrintf
 .text.DMA0_DMA16_IRQHandler
                0x7000a24c        0x8 ./startup/startup_mimxrt1064.o
                0x7000a24c                DMA0_DMA16_IRQHandler
 .text.DMA1_DMA17_IRQHandler
                0x7000a254        0x8 ./startup/startup_mimxrt1064.o
                0x7000a254                DMA1_DMA17_IRQHandler
 .text.DMA2_DMA18_IRQHandler
                0x7000a25c        0x8 ./startup/startup_mimxrt1064.o
                0x7000a25c                DMA2_DMA18_IRQHandler
 .text.DMA3_DMA19_IRQHandler
                0x7000a264        0x8 ./startup/startup_mimxrt1064.o
                0x7000a264                DMA3_DMA19_IRQHandler
 .text.DMA4_DMA20_IRQHandler
                0x7000a26c        0x8 ./startup/startup_mimxrt1064.o
                0x7000a26c                DMA4_DMA20_IRQHandler
 .text.DMA5_DMA21_IRQHandler
                0x7000a274        0x8 ./startup/startup_mimxrt1064.o
                0x7000a274                DMA5_DMA21_IRQHandler
 .text.DMA6_DMA22_IRQHandler
                0x7000a27c        0x8 ./startup/startup_mimxrt1064.o
                0x7000a27c                DMA6_DMA22_IRQHandler
 .text.DMA7_DMA23_IRQHandler
                0x7000a284        0x8 ./startup/startup_mimxrt1064.o
                0x7000a284                DMA7_DMA23_IRQHandler
 .text.DMA8_DMA24_IRQHandler
                0x7000a28c        0x8 ./startup/startup_mimxrt1064.o
                0x7000a28c                DMA8_DMA24_IRQHandler
 .text.DMA9_DMA25_IRQHandler
                0x7000a294        0x8 ./startup/startup_mimxrt1064.o
                0x7000a294                DMA9_DMA25_IRQHandler
 .text.DMA10_DMA26_IRQHandler
                0x7000a29c        0x8 ./startup/startup_mimxrt1064.o
                0x7000a29c                DMA10_DMA26_IRQHandler
 .text.DMA11_DMA27_IRQHandler
                0x7000a2a4        0x8 ./startup/startup_mimxrt1064.o
                0x7000a2a4                DMA11_DMA27_IRQHandler
 .text.DMA12_DMA28_IRQHandler
                0x7000a2ac        0x8 ./startup/startup_mimxrt1064.o
                0x7000a2ac                DMA12_DMA28_IRQHandler
 .text.DMA13_DMA29_IRQHandler
                0x7000a2b4        0x8 ./startup/startup_mimxrt1064.o
                0x7000a2b4                DMA13_DMA29_IRQHandler
 .text.DMA14_DMA30_IRQHandler
                0x7000a2bc        0x8 ./startup/startup_mimxrt1064.o
                0x7000a2bc                DMA14_DMA30_IRQHandler
 .text.DMA15_DMA31_IRQHandler
                0x7000a2c4        0x8 ./startup/startup_mimxrt1064.o
                0x7000a2c4                DMA15_DMA31_IRQHandler
 .text.DMA_ERROR_IRQHandler
                0x7000a2cc        0x8 ./startup/startup_mimxrt1064.o
                0x7000a2cc                DMA_ERROR_IRQHandler
 .text.CTI0_ERROR_IRQHandler
                0x7000a2d4        0x8 ./startup/startup_mimxrt1064.o
                0x7000a2d4                CTI0_ERROR_IRQHandler
 .text.CTI1_ERROR_IRQHandler
                0x7000a2dc        0x8 ./startup/startup_mimxrt1064.o
                0x7000a2dc                CTI1_ERROR_IRQHandler
 .text.CORE_IRQHandler
                0x7000a2e4        0x8 ./startup/startup_mimxrt1064.o
                0x7000a2e4                CORE_IRQHandler
 .text.LPUART1_IRQHandler
                0x7000a2ec        0x8 ./startup/startup_mimxrt1064.o
                0x7000a2ec                LPUART1_IRQHandler
 .text.LPUART2_IRQHandler
                0x7000a2f4        0x8 ./startup/startup_mimxrt1064.o
                0x7000a2f4                LPUART2_IRQHandler
 .text.LPUART3_IRQHandler
                0x7000a2fc        0x8 ./startup/startup_mimxrt1064.o
                0x7000a2fc                LPUART3_IRQHandler
 .text.LPUART4_IRQHandler
                0x7000a304        0x8 ./startup/startup_mimxrt1064.o
                0x7000a304                LPUART4_IRQHandler
 .text.LPUART5_IRQHandler
                0x7000a30c        0x8 ./startup/startup_mimxrt1064.o
                0x7000a30c                LPUART5_IRQHandler
 .text.LPUART6_IRQHandler
                0x7000a314        0x8 ./startup/startup_mimxrt1064.o
                0x7000a314                LPUART6_IRQHandler
 .text.LPUART7_IRQHandler
                0x7000a31c        0x8 ./startup/startup_mimxrt1064.o
                0x7000a31c                LPUART7_IRQHandler
 .text.LPUART8_IRQHandler
                0x7000a324        0x8 ./startup/startup_mimxrt1064.o
                0x7000a324                LPUART8_IRQHandler
 .text.LPI2C1_IRQHandler
                0x7000a32c        0x8 ./startup/startup_mimxrt1064.o
                0x7000a32c                LPI2C1_IRQHandler
 .text.LPI2C2_IRQHandler
                0x7000a334        0x8 ./startup/startup_mimxrt1064.o
                0x7000a334                LPI2C2_IRQHandler
 .text.LPI2C3_IRQHandler
                0x7000a33c        0x8 ./startup/startup_mimxrt1064.o
                0x7000a33c                LPI2C3_IRQHandler
 .text.LPI2C4_IRQHandler
                0x7000a344        0x8 ./startup/startup_mimxrt1064.o
                0x7000a344                LPI2C4_IRQHandler
 .text.LPSPI1_IRQHandler
                0x7000a34c        0x8 ./startup/startup_mimxrt1064.o
                0x7000a34c                LPSPI1_IRQHandler
 .text.LPSPI2_IRQHandler
                0x7000a354        0x8 ./startup/startup_mimxrt1064.o
                0x7000a354                LPSPI2_IRQHandler
 .text.LPSPI3_IRQHandler
                0x7000a35c        0x8 ./startup/startup_mimxrt1064.o
                0x7000a35c                LPSPI3_IRQHandler
 .text.LPSPI4_IRQHandler
                0x7000a364        0x8 ./startup/startup_mimxrt1064.o
                0x7000a364                LPSPI4_IRQHandler
 .text.CAN1_IRQHandler
                0x7000a36c        0x8 ./startup/startup_mimxrt1064.o
                0x7000a36c                CAN1_IRQHandler
 .text.FLEXRAM_IRQHandler
                0x7000a374        0x8 ./startup/startup_mimxrt1064.o
                0x7000a374                FLEXRAM_IRQHandler
 .text.KPP_IRQHandler
                0x7000a37c        0x8 ./startup/startup_mimxrt1064.o
                0x7000a37c                KPP_IRQHandler
 .text.TSC_DIG_IRQHandler
                0x7000a384        0x8 ./startup/startup_mimxrt1064.o
                0x7000a384                TSC_DIG_IRQHandler
 .text.GPR_IRQ_IRQHandler
                0x7000a38c        0x8 ./startup/startup_mimxrt1064.o
                0x7000a38c                GPR_IRQ_IRQHandler
 .text.LCDIF_IRQHandler
                0x7000a394        0x8 ./startup/startup_mimxrt1064.o
                0x7000a394                LCDIF_IRQHandler
 .text.CSI_IRQHandler
                0x7000a39c        0x8 ./startup/startup_mimxrt1064.o
                0x7000a39c                CSI_IRQHandler
 .text.PXP_IRQHandler
                0x7000a3a4        0x8 ./startup/startup_mimxrt1064.o
                0x7000a3a4                PXP_IRQHandler
 .text.WDOG2_IRQHandler
                0x7000a3ac        0x8 ./startup/startup_mimxrt1064.o
                0x7000a3ac                WDOG2_IRQHandler
 .text.SNVS_HP_WRAPPER_IRQHandler
                0x7000a3b4        0x8 ./startup/startup_mimxrt1064.o
                0x7000a3b4                SNVS_HP_WRAPPER_IRQHandler
 .text.SNVS_HP_WRAPPER_TZ_IRQHandler
                0x7000a3bc        0x8 ./startup/startup_mimxrt1064.o
                0x7000a3bc                SNVS_HP_WRAPPER_TZ_IRQHandler
 .text.SNVS_LP_WRAPPER_IRQHandler
                0x7000a3c4        0x8 ./startup/startup_mimxrt1064.o
                0x7000a3c4                SNVS_LP_WRAPPER_IRQHandler
 .text.CSU_IRQHandler
                0x7000a3cc        0x8 ./startup/startup_mimxrt1064.o
                0x7000a3cc                CSU_IRQHandler
 .text.DCP_IRQHandler
                0x7000a3d4        0x8 ./startup/startup_mimxrt1064.o
                0x7000a3d4                DCP_IRQHandler
 .text.DCP_VMI_IRQHandler
                0x7000a3dc        0x8 ./startup/startup_mimxrt1064.o
                0x7000a3dc                DCP_VMI_IRQHandler
 .text.Reserved68_IRQHandler
                0x7000a3e4        0x8 ./startup/startup_mimxrt1064.o
                0x7000a3e4                Reserved68_IRQHandler
 .text.TRNG_IRQHandler
                0x7000a3ec        0x8 ./startup/startup_mimxrt1064.o
                0x7000a3ec                TRNG_IRQHandler
 .text.SJC_IRQHandler
                0x7000a3f4        0x8 ./startup/startup_mimxrt1064.o
                0x7000a3f4                SJC_IRQHandler
 .text.BEE_IRQHandler
                0x7000a3fc        0x8 ./startup/startup_mimxrt1064.o
                0x7000a3fc                BEE_IRQHandler
 .text.SAI1_IRQHandler
                0x7000a404        0x8 ./startup/startup_mimxrt1064.o
                0x7000a404                SAI1_IRQHandler
 .text.SAI2_IRQHandler
                0x7000a40c        0x8 ./startup/startup_mimxrt1064.o
                0x7000a40c                SAI2_IRQHandler
 .text.SAI3_RX_IRQHandler
                0x7000a414        0x8 ./startup/startup_mimxrt1064.o
                0x7000a414                SAI3_RX_IRQHandler
 .text.SAI3_TX_IRQHandler
                0x7000a41c        0x8 ./startup/startup_mimxrt1064.o
                0x7000a41c                SAI3_TX_IRQHandler
 .text.SPDIF_IRQHandler
                0x7000a424        0x8 ./startup/startup_mimxrt1064.o
                0x7000a424                SPDIF_IRQHandler
 .text.PMU_EVENT_IRQHandler
                0x7000a42c        0x8 ./startup/startup_mimxrt1064.o
                0x7000a42c                PMU_EVENT_IRQHandler
 .text.Reserved78_IRQHandler
                0x7000a434        0x8 ./startup/startup_mimxrt1064.o
                0x7000a434                Reserved78_IRQHandler
 .text.TEMP_LOW_HIGH_IRQHandler
                0x7000a43c        0x8 ./startup/startup_mimxrt1064.o
                0x7000a43c                TEMP_LOW_HIGH_IRQHandler
 .text.TEMP_PANIC_IRQHandler
                0x7000a444        0x8 ./startup/startup_mimxrt1064.o
                0x7000a444                TEMP_PANIC_IRQHandler
 .text.USB_PHY1_IRQHandler
                0x7000a44c        0x8 ./startup/startup_mimxrt1064.o
                0x7000a44c                USB_PHY1_IRQHandler
 .text.USB_PHY2_IRQHandler
                0x7000a454        0x8 ./startup/startup_mimxrt1064.o
                0x7000a454                USB_PHY2_IRQHandler
 .text.ADC1_IRQHandler
                0x7000a45c        0x8 ./startup/startup_mimxrt1064.o
                0x7000a45c                ADC1_IRQHandler
 .text.ADC2_IRQHandler
                0x7000a464        0x8 ./startup/startup_mimxrt1064.o
                0x7000a464                ADC2_IRQHandler
 .text.DCDC_IRQHandler
                0x7000a46c        0x8 ./startup/startup_mimxrt1064.o
                0x7000a46c                DCDC_IRQHandler
 .text.Reserved86_IRQHandler
                0x7000a474        0x8 ./startup/startup_mimxrt1064.o
                0x7000a474                Reserved86_IRQHandler
 .text.GPIO10_IRQHandler
                0x7000a47c        0x8 ./startup/startup_mimxrt1064.o
                0x7000a47c                GPIO10_IRQHandler
 .text.GPIO1_INT0_IRQHandler
                0x7000a484        0x8 ./startup/startup_mimxrt1064.o
                0x7000a484                GPIO1_INT0_IRQHandler
 .text.GPIO1_INT1_IRQHandler
                0x7000a48c        0x8 ./startup/startup_mimxrt1064.o
                0x7000a48c                GPIO1_INT1_IRQHandler
 .text.GPIO1_INT2_IRQHandler
                0x7000a494        0x8 ./startup/startup_mimxrt1064.o
                0x7000a494                GPIO1_INT2_IRQHandler
 .text.GPIO1_INT3_IRQHandler
                0x7000a49c        0x8 ./startup/startup_mimxrt1064.o
                0x7000a49c                GPIO1_INT3_IRQHandler
 .text.GPIO1_INT4_IRQHandler
                0x7000a4a4        0x8 ./startup/startup_mimxrt1064.o
                0x7000a4a4                GPIO1_INT4_IRQHandler
 .text.GPIO1_INT5_IRQHandler
                0x7000a4ac        0x8 ./startup/startup_mimxrt1064.o
                0x7000a4ac                GPIO1_INT5_IRQHandler
 .text.GPIO1_INT6_IRQHandler
                0x7000a4b4        0x8 ./startup/startup_mimxrt1064.o
                0x7000a4b4                GPIO1_INT6_IRQHandler
 .text.GPIO1_INT7_IRQHandler
                0x7000a4bc        0x8 ./startup/startup_mimxrt1064.o
                0x7000a4bc                GPIO1_INT7_IRQHandler
 .text.GPIO1_Combined_0_15_IRQHandler
                0x7000a4c4        0x8 ./startup/startup_mimxrt1064.o
                0x7000a4c4                GPIO1_Combined_0_15_IRQHandler
 .text.GPIO1_Combined_16_31_IRQHandler
                0x7000a4cc        0x8 ./startup/startup_mimxrt1064.o
                0x7000a4cc                GPIO1_Combined_16_31_IRQHandler
 .text.GPIO2_Combined_0_15_IRQHandler
                0x7000a4d4        0x8 ./startup/startup_mimxrt1064.o
                0x7000a4d4                GPIO2_Combined_0_15_IRQHandler
 .text.GPIO2_Combined_16_31_IRQHandler
                0x7000a4dc        0x8 ./startup/startup_mimxrt1064.o
                0x7000a4dc                GPIO2_Combined_16_31_IRQHandler
 .text.GPIO3_Combined_0_15_IRQHandler
                0x7000a4e4        0x8 ./startup/startup_mimxrt1064.o
                0x7000a4e4                GPIO3_Combined_0_15_IRQHandler
 .text.GPIO3_Combined_16_31_IRQHandler
                0x7000a4ec        0x8 ./startup/startup_mimxrt1064.o
                0x7000a4ec                GPIO3_Combined_16_31_IRQHandler
 .text.GPIO4_Combined_0_15_IRQHandler
                0x7000a4f4        0x8 ./startup/startup_mimxrt1064.o
                0x7000a4f4                GPIO4_Combined_0_15_IRQHandler
 .text.GPIO4_Combined_16_31_IRQHandler
                0x7000a4fc        0x8 ./startup/startup_mimxrt1064.o
                0x7000a4fc                GPIO4_Combined_16_31_IRQHandler
 .text.GPIO5_Combined_0_15_IRQHandler
                0x7000a504        0x8 ./startup/startup_mimxrt1064.o
                0x7000a504                GPIO5_Combined_0_15_IRQHandler
 .text.GPIO5_Combined_16_31_IRQHandler
                0x7000a50c        0x8 ./startup/startup_mimxrt1064.o
                0x7000a50c                GPIO5_Combined_16_31_IRQHandler
 .text.FLEXIO1_IRQHandler
                0x7000a514        0x8 ./startup/startup_mimxrt1064.o
                0x7000a514                FLEXIO1_IRQHandler
 .text.FLEXIO2_IRQHandler
                0x7000a51c        0x8 ./startup/startup_mimxrt1064.o
                0x7000a51c                FLEXIO2_IRQHandler
 .text.WDOG1_IRQHandler
                0x7000a524        0x8 ./startup/startup_mimxrt1064.o
                0x7000a524                WDOG1_IRQHandler
 .text.RTWDOG_IRQHandler
                0x7000a52c        0x8 ./startup/startup_mimxrt1064.o
                0x7000a52c                RTWDOG_IRQHandler
 .text.EWM_IRQHandler
                0x7000a534        0x8 ./startup/startup_mimxrt1064.o
                0x7000a534                EWM_IRQHandler
 .text.CCM_1_IRQHandler
                0x7000a53c        0x8 ./startup/startup_mimxrt1064.o
                0x7000a53c                CCM_1_IRQHandler
 .text.CCM_2_IRQHandler
                0x7000a544        0x8 ./startup/startup_mimxrt1064.o
                0x7000a544                CCM_2_IRQHandler
 .text.GPC_IRQHandler
                0x7000a54c        0x8 ./startup/startup_mimxrt1064.o
                0x7000a54c                GPC_IRQHandler
 .text.SRC_IRQHandler
                0x7000a554        0x8 ./startup/startup_mimxrt1064.o
                0x7000a554                SRC_IRQHandler
 .text.Reserved115_IRQHandler
                0x7000a55c        0x8 ./startup/startup_mimxrt1064.o
                0x7000a55c                Reserved115_IRQHandler
 .text.GPT2_IRQHandler
                0x7000a564        0x8 ./startup/startup_mimxrt1064.o
                0x7000a564                GPT2_IRQHandler
 .text.PWM1_0_IRQHandler
                0x7000a56c        0x8 ./startup/startup_mimxrt1064.o
                0x7000a56c                PWM1_0_IRQHandler
 .text.PWM1_1_IRQHandler
                0x7000a574        0x8 ./startup/startup_mimxrt1064.o
                0x7000a574                PWM1_1_IRQHandler
 .text.PWM1_2_IRQHandler
                0x7000a57c        0x8 ./startup/startup_mimxrt1064.o
                0x7000a57c                PWM1_2_IRQHandler
 .text.PWM1_3_IRQHandler
                0x7000a584        0x8 ./startup/startup_mimxrt1064.o
                0x7000a584                PWM1_3_IRQHandler
 .text.PWM1_FAULT_IRQHandler
                0x7000a58c        0x8 ./startup/startup_mimxrt1064.o
                0x7000a58c                PWM1_FAULT_IRQHandler
 .text.FLEXSPI2_IRQHandler
                0x7000a594        0x8 ./startup/startup_mimxrt1064.o
                0x7000a594                FLEXSPI2_IRQHandler
 .text.FLEXSPI_IRQHandler
                0x7000a59c        0x8 ./startup/startup_mimxrt1064.o
                0x7000a59c                FLEXSPI_IRQHandler
 .text.SEMC_IRQHandler
                0x7000a5a4        0x8 ./startup/startup_mimxrt1064.o
                0x7000a5a4                SEMC_IRQHandler
 .text.USDHC1_IRQHandler
                0x7000a5ac        0x8 ./startup/startup_mimxrt1064.o
                0x7000a5ac                USDHC1_IRQHandler
 .text.USDHC2_IRQHandler
                0x7000a5b4        0x8 ./startup/startup_mimxrt1064.o
                0x7000a5b4                USDHC2_IRQHandler
 .text.USB_OTG2_IRQHandler
                0x7000a5bc        0x8 ./startup/startup_mimxrt1064.o
                0x7000a5bc                USB_OTG2_IRQHandler
 .text.USB_OTG1_IRQHandler
                0x7000a5c4        0x8 ./startup/startup_mimxrt1064.o
                0x7000a5c4                USB_OTG1_IRQHandler
 .text.ENET_IRQHandler
                0x7000a5cc        0x8 ./startup/startup_mimxrt1064.o
                0x7000a5cc                ENET_IRQHandler
 .text.ENET_1588_Timer_IRQHandler
                0x7000a5d4        0x8 ./startup/startup_mimxrt1064.o
                0x7000a5d4                ENET_1588_Timer_IRQHandler
 .text.XBAR1_IRQ_0_1_IRQHandler
                0x7000a5dc        0x8 ./startup/startup_mimxrt1064.o
                0x7000a5dc                XBAR1_IRQ_0_1_IRQHandler
 .text.XBAR1_IRQ_2_3_IRQHandler
                0x7000a5e4        0x8 ./startup/startup_mimxrt1064.o
                0x7000a5e4                XBAR1_IRQ_2_3_IRQHandler
 .text.ADC_ETC_IRQ0_IRQHandler
                0x7000a5ec        0x8 ./startup/startup_mimxrt1064.o
                0x7000a5ec                ADC_ETC_IRQ0_IRQHandler
 .text.ADC_ETC_IRQ1_IRQHandler
                0x7000a5f4        0x8 ./startup/startup_mimxrt1064.o
                0x7000a5f4                ADC_ETC_IRQ1_IRQHandler
 .text.ADC_ETC_IRQ2_IRQHandler
                0x7000a5fc        0x8 ./startup/startup_mimxrt1064.o
                0x7000a5fc                ADC_ETC_IRQ2_IRQHandler
 .text.ADC_ETC_ERROR_IRQ_IRQHandler
                0x7000a604        0x8 ./startup/startup_mimxrt1064.o
                0x7000a604                ADC_ETC_ERROR_IRQ_IRQHandler
 .text.PIT_IRQHandler
                0x7000a60c        0x8 ./startup/startup_mimxrt1064.o
                0x7000a60c                PIT_IRQHandler
 .text.ACMP1_IRQHandler
                0x7000a614        0x8 ./startup/startup_mimxrt1064.o
                0x7000a614                ACMP1_IRQHandler
 .text.ACMP2_IRQHandler
                0x7000a61c        0x8 ./startup/startup_mimxrt1064.o
                0x7000a61c                ACMP2_IRQHandler
 .text.ACMP3_IRQHandler
                0x7000a624        0x8 ./startup/startup_mimxrt1064.o
                0x7000a624                ACMP3_IRQHandler
 .text.ACMP4_IRQHandler
                0x7000a62c        0x8 ./startup/startup_mimxrt1064.o
                0x7000a62c                ACMP4_IRQHandler
 .text.Reserved143_IRQHandler
                0x7000a634        0x8 ./startup/startup_mimxrt1064.o
                0x7000a634                Reserved143_IRQHandler
 .text.Reserved144_IRQHandler
                0x7000a63c        0x8 ./startup/startup_mimxrt1064.o
                0x7000a63c                Reserved144_IRQHandler
 .text.ENC1_IRQHandler
                0x7000a644        0x8 ./startup/startup_mimxrt1064.o
                0x7000a644                ENC1_IRQHandler
 .text.ENC2_IRQHandler
                0x7000a64c        0x8 ./startup/startup_mimxrt1064.o
                0x7000a64c                ENC2_IRQHandler
 .text.ENC3_IRQHandler
                0x7000a654        0x8 ./startup/startup_mimxrt1064.o
                0x7000a654                ENC3_IRQHandler
 .text.ENC4_IRQHandler
                0x7000a65c        0x8 ./startup/startup_mimxrt1064.o
                0x7000a65c                ENC4_IRQHandler
 .text.TMR1_IRQHandler
                0x7000a664        0x8 ./startup/startup_mimxrt1064.o
                0x7000a664                TMR1_IRQHandler
 .text.TMR2_IRQHandler
                0x7000a66c        0x8 ./startup/startup_mimxrt1064.o
                0x7000a66c                TMR2_IRQHandler
 .text.TMR3_IRQHandler
                0x7000a674        0x8 ./startup/startup_mimxrt1064.o
                0x7000a674                TMR3_IRQHandler
 .text.TMR4_IRQHandler
                0x7000a67c        0x8 ./startup/startup_mimxrt1064.o
                0x7000a67c                TMR4_IRQHandler
 .text.PWM2_0_IRQHandler
                0x7000a684        0x8 ./startup/startup_mimxrt1064.o
                0x7000a684                PWM2_0_IRQHandler
 .text.PWM2_1_IRQHandler
                0x7000a68c        0x8 ./startup/startup_mimxrt1064.o
                0x7000a68c                PWM2_1_IRQHandler
 .text.PWM2_2_IRQHandler
                0x7000a694        0x8 ./startup/startup_mimxrt1064.o
                0x7000a694                PWM2_2_IRQHandler
 .text.PWM2_3_IRQHandler
                0x7000a69c        0x8 ./startup/startup_mimxrt1064.o
                0x7000a69c                PWM2_3_IRQHandler
 .text.PWM2_FAULT_IRQHandler
                0x7000a6a4        0x8 ./startup/startup_mimxrt1064.o
                0x7000a6a4                PWM2_FAULT_IRQHandler
 .text.PWM3_0_IRQHandler
                0x7000a6ac        0x8 ./startup/startup_mimxrt1064.o
                0x7000a6ac                PWM3_0_IRQHandler
 .text.PWM3_1_IRQHandler
                0x7000a6b4        0x8 ./startup/startup_mimxrt1064.o
                0x7000a6b4                PWM3_1_IRQHandler
 .text.PWM3_2_IRQHandler
                0x7000a6bc        0x8 ./startup/startup_mimxrt1064.o
                0x7000a6bc                PWM3_2_IRQHandler
 .text.PWM3_3_IRQHandler
                0x7000a6c4        0x8 ./startup/startup_mimxrt1064.o
                0x7000a6c4                PWM3_3_IRQHandler
 .text.PWM3_FAULT_IRQHandler
                0x7000a6cc        0x8 ./startup/startup_mimxrt1064.o
                0x7000a6cc                PWM3_FAULT_IRQHandler
 .text.PWM4_0_IRQHandler
                0x7000a6d4        0x8 ./startup/startup_mimxrt1064.o
                0x7000a6d4                PWM4_0_IRQHandler
 .text.PWM4_1_IRQHandler
                0x7000a6dc        0x8 ./startup/startup_mimxrt1064.o
                0x7000a6dc                PWM4_1_IRQHandler
 .text.PWM4_2_IRQHandler
                0x7000a6e4        0x8 ./startup/startup_mimxrt1064.o
                0x7000a6e4                PWM4_2_IRQHandler
 .text.PWM4_3_IRQHandler
                0x7000a6ec        0x8 ./startup/startup_mimxrt1064.o
                0x7000a6ec                PWM4_3_IRQHandler
 .text.PWM4_FAULT_IRQHandler
                0x7000a6f4        0x8 ./startup/startup_mimxrt1064.o
                0x7000a6f4                PWM4_FAULT_IRQHandler
 .text.ENET2_IRQHandler
                0x7000a6fc        0x8 ./startup/startup_mimxrt1064.o
                0x7000a6fc                ENET2_IRQHandler
 .text.ENET2_1588_Timer_IRQHandler
                0x7000a704        0x8 ./startup/startup_mimxrt1064.o
                0x7000a704                ENET2_1588_Timer_IRQHandler
 .text.CAN3_IRQHandler
                0x7000a70c        0x8 ./startup/startup_mimxrt1064.o
                0x7000a70c                CAN3_IRQHandler
 .text.Reserved171_IRQHandler
                0x7000a714        0x8 ./startup/startup_mimxrt1064.o
                0x7000a714                Reserved171_IRQHandler
 .text.FLEXIO3_IRQHandler
                0x7000a71c        0x8 ./startup/startup_mimxrt1064.o
                0x7000a71c                FLEXIO3_IRQHandler
 .text.GPIO6_7_8_9_IRQHandler
                0x7000a724        0x8 ./startup/startup_mimxrt1064.o
                0x7000a724                GPIO6_7_8_9_IRQHandler
 .text._SDK_AtomicLocalClearAndSet4Byte
                0x7000a72c       0x50 ./source/FlexCAN_Module.o
 .text.CLOCK_EnableClock
                0x7000a77c       0x1e ./source/FlexCAN_Module.o
 .text.PutMSG_CAN
                0x7000a79a       0x60 ./lib/hal/hal_rt1064.o
                0x7000a79a                PutMSG_CAN
 .text.Obj_ISR  0x7000a7fa       0x6a ./lib/hal/hal_rt1064.o
                0x7000a7fa                Obj_ISR
 .text.getTime  0x7000a864        0xe ./lib/hal/hal_rt1064.o
                0x7000a864                getTime
 .text.SetAddressFilter_CAN
                0x7000a872       0x16 ./lib/hal/hal_rt1064.o
                0x7000a872                SetAddressFilter_CAN
 .text.Write_EEPROM
                0x7000a888       0x18 ./lib/hal/hal_rt1064.o
                0x7000a888                Write_EEPROM
 .text.CLOCK_GetRtcFreq
                0x7000a8a0       0x12 ./drivers/fsl_clock.o
 .text.CLOCK_IsPllBypassed
                0x7000a8b2       0x32 ./drivers/fsl_clock.o
 .text.CLOCK_IsPllEnabled
                0x7000a8e4       0x3c ./drivers/fsl_clock.o
 .text.CLOCK_GetPllBypassRefClk
                0x7000a920       0x34 ./drivers/fsl_clock.o
 .text._SDK_AtomicLocalClearAndSet4Byte
                0x7000a954       0x50 ./drivers/fsl_flexcan.o
 .text.CLOCK_EnableClock
                0x7000a9a4       0x1e ./drivers/fsl_flexcan.o
 .text.DisableGlobalIRQ
                0x7000a9c2       0x22 ./drivers/fsl_flexcan.o
 .text.EnableGlobalIRQ
                0x7000a9e4       0x20 ./drivers/fsl_flexcan.o
 .text.FLEXCAN_GetMbStatusFlags
                0x7000aa04       0x60 ./drivers/fsl_flexcan.o
 .text.FLEXCAN_ClearMbStatusFlags
                0x7000aa64       0x32 ./drivers/fsl_flexcan.o
 .text.FLEXCAN_Enable
                0x7000aa96       0x54 ./drivers/fsl_flexcan.o
 .text.flexcan_memset
                0x7000aaea       0x3a ./drivers/fsl_flexcan.o
 .text.FLEXCAN_EnterFreezeMode
                0x7000ab24      0x110 ./drivers/fsl_flexcan.o
                0x7000ab24                FLEXCAN_EnterFreezeMode
 .text.FLEXCAN_ExitFreezeMode
                0x7000ac34       0x3c ./drivers/fsl_flexcan.o
                0x7000ac34                FLEXCAN_ExitFreezeMode
 .text.FLEXCAN_IsMbOccupied
                0x7000ac70       0x68 ./drivers/fsl_flexcan.o
 .text.FLEXCAN_GetFirstValidMb
                0x7000acd8       0x40 ./drivers/fsl_flexcan.o
 .text.FLEXCAN_SetRxMbGlobalMask
                0x7000ad18       0x30 ./drivers/fsl_flexcan.o
                0x7000ad18                FLEXCAN_SetRxMbGlobalMask
 .text.FLEXCAN_ERRATA_6032
                0x7000ad48       0xb2 ./drivers/fsl_flexcan.o
 .text.FLEXCAN_TransferSendBlocking
                0x7000adfa       0xb8 ./drivers/fsl_flexcan.o
                0x7000adfa                FLEXCAN_TransferSendBlocking
 .text._SDK_AtomicLocalClearAndSet4Byte
                0x7000aeb2       0x50 ./drivers/fsl_gpt.o
 .text.CLOCK_EnableClock
                0x7000af02       0x1e ./drivers/fsl_gpt.o
 .text.GPT_SoftwareReset
                0x7000af20       0x32 ./drivers/fsl_gpt.o
 .text.GPT_SetClockSource
                0x7000af52       0x50 ./drivers/fsl_gpt.o
 .text._SDK_AtomicLocalClearAndSet4Byte
                0x7000afa2       0x50 ./drivers/fsl_lpuart.o
 .text.CLOCK_EnableClock
                0x7000aff2       0x1e ./drivers/fsl_lpuart.o
 .text.LPUART_SoftwareReset
                0x7000b010       0x2c ./drivers/fsl_lpuart.o
 .text.SystemInitHook
                0x7000b03c        0xe ./device/system_MIMXRT1064.o
                0x7000b03c                SystemInitHook
 .text.HAL_UartGetStatus
                0x7000b04a       0x28 ./component/uart/fsl_adapter_lpuart.o
 .text.DisableGlobalIRQ
                0x7000b072       0x22 ./component/serial_manager/fsl_component_serial_manager.o
 .text.EnableGlobalIRQ
                0x7000b094       0x20 ./component/serial_manager/fsl_component_serial_manager.o
 .text.SerialManager_StartWriting
                0x7000b0b4       0x38 ./component/serial_manager/fsl_component_serial_manager.o
 .text.SerialManager_Write
                0x7000b0ec       0x44 ./component/serial_manager/fsl_component_serial_manager.o
 .text.SerialManager_Init
                0x7000b130       0x60 ./component/serial_manager/fsl_component_serial_manager.o
                0x7000b130                SerialManager_Init
 .text.SerialManager_OpenWriteHandle
                0x7000b190       0x50 ./component/serial_manager/fsl_component_serial_manager.o
                0x7000b190                SerialManager_OpenWriteHandle
 .text.SerialManager_OpenReadHandle
                0x7000b1e0       0x60 ./component/serial_manager/fsl_component_serial_manager.o
                0x7000b1e0                SerialManager_OpenReadHandle
 .text.SerialManager_WriteBlocking
                0x7000b240       0x20 ./component/serial_manager/fsl_component_serial_manager.o
                0x7000b240                SerialManager_WriteBlocking
 .text.Serial_UartInit
                0x7000b260       0x3e ./component/serial_manager/fsl_component_serial_port_uart.o
                0x7000b260                Serial_UartInit
 .text.Serial_UartWrite
                0x7000b29e       0x38 ./component/serial_manager/fsl_component_serial_port_uart.o
                0x7000b29e                Serial_UartWrite
 .text.BOARD_InitDebugConsole
                0x7000b2d6       0x22 ./board/board.o
                0x7000b2d6                BOARD_InitDebugConsole
 .text.FLEXCAN_GetMbStatusFlags
                0x7000b2f8       0x60 ./board/can.o
 .text.FLEXCAN_ClearMbStatusFlags
                0x7000b358       0x32 ./board/can.o
 .text.CAN2_IRQHandler
                0x7000b38a        0xc ./board/can.o
                0x7000b38a                CAN2_IRQHandler
 .text.send_can_msg
                0x7000b396       0x58 ./board/can_ext.o
                0x7000b396                send_can_msg
 .text._SDK_AtomicLocalClearAndSet4Byte
                0x7000b3ee       0x50 ./board/clock_config.o
 .text.CLOCK_DisableClock
                0x7000b43e       0x1e ./board/clock_config.o
 .text.CLOCK_SetPllBypass
                0x7000b45c       0x4e ./board/clock_config.o
 .text.IOMUXC_SetSaiMClkClockSource
                0x7000b4aa       0x6c ./board/clock_config.o
 .text.BOARD_InitBootClocks
                0x7000b516        0xc ./board/clock_config.o
                0x7000b516                BOARD_InitBootClocks
 .text.EnableIRQ
                0x7000b522       0x32 ./board/peripherals.o
 .text.DisableGlobalIRQ
                0x7000b554       0x22 ./board/peripherals.o
 .text.EnableGlobalIRQ
                0x7000b576       0x20 ./board/peripherals.o
 .text.FLEXCAN_EnableMbInterrupts
                0x7000b596       0x4a ./board/peripherals.o
 .text.BOARD_InitUART
                0x7000b5e0        0xc ./board/peripherals.o
                0x7000b5e0                BOARD_InitUART
 .text.BOARD_InitCAN2
                0x7000b5ec        0xc ./board/peripherals.o
                0x7000b5ec                BOARD_InitCAN2
 .text.IOMUXC_SetPinMux
                0x7000b5f8       0x3a ./board/pin_mux.o
 .text.EnableIRQ
                0x7000b632       0x32 ./board/time.o
 .text.GPT_StartTimer
                0x7000b664       0x20 ./board/time.o
 .text.GPT_EnableInterrupts
                0x7000b684       0x22 ./board/time.o
 .text.GPT_ClearStatusFlags
                0x7000b6a6       0x1e ./board/time.o
 .text.TP_Get_SM_J1939
                0x7000b6c4       0x18 C:\Users\PLANTIUM\Documents\MCUXpressoIDE_11.8.0_1165\workspace\FlexCAN_Module\lib\libj1939_STEER_LIB.a(TP_J1939.o)
                0x7000b6c4                TP_Get_SM_J1939
 .text._BAM_O_SM_J1939
                0x7000b6dc       0x40 C:\Users\PLANTIUM\Documents\MCUXpressoIDE_11.8.0_1165\workspace\FlexCAN_Module\lib\libj1939_STEER_LIB.a(TP_J1939.o)
 .text._RTS_O_SM_J1939
                0x7000b71c       0x56 C:\Users\PLANTIUM\Documents\MCUXpressoIDE_11.8.0_1165\workspace\FlexCAN_Module\lib\libj1939_STEER_LIB.a(TP_J1939.o)
 .text._CTS_O_SM_J1939
                0x7000b772       0xd4 C:\Users\PLANTIUM\Documents\MCUXpressoIDE_11.8.0_1165\workspace\FlexCAN_Module\lib\libj1939_STEER_LIB.a(TP_J1939.o)
 .text._DT_O_SM_J1939
                0x7000b846      0x13a C:\Users\PLANTIUM\Documents\MCUXpressoIDE_11.8.0_1165\workspace\FlexCAN_Module\lib\libj1939_STEER_LIB.a(TP_J1939.o)
 .text._EOMACK_O_SM_J1939
                0x7000b980       0x78 C:\Users\PLANTIUM\Documents\MCUXpressoIDE_11.8.0_1165\workspace\FlexCAN_Module\lib\libj1939_STEER_LIB.a(TP_J1939.o)
 .text._BAM_R_SM_J1939
                0x7000b9f8       0x24 C:\Users\PLANTIUM\Documents\MCUXpressoIDE_11.8.0_1165\workspace\FlexCAN_Module\lib\libj1939_STEER_LIB.a(TP_J1939.o)
 .text._RTS_R_SM_J1939
                0x7000ba1c       0x2c C:\Users\PLANTIUM\Documents\MCUXpressoIDE_11.8.0_1165\workspace\FlexCAN_Module\lib\libj1939_STEER_LIB.a(TP_J1939.o)
 .text._CTS_R_SM_J1939
                0x7000ba48       0x4a C:\Users\PLANTIUM\Documents\MCUXpressoIDE_11.8.0_1165\workspace\FlexCAN_Module\lib\libj1939_STEER_LIB.a(TP_J1939.o)
 .text._DT_R_SM_J1939
                0x7000ba92      0x13c C:\Users\PLANTIUM\Documents\MCUXpressoIDE_11.8.0_1165\workspace\FlexCAN_Module\lib\libj1939_STEER_LIB.a(TP_J1939.o)
 .text._EOMACK_R_SM_J1939
                0x7000bbce       0x5a C:\Users\PLANTIUM\Documents\MCUXpressoIDE_11.8.0_1165\workspace\FlexCAN_Module\lib\libj1939_STEER_LIB.a(TP_J1939.o)
 .text._IDLE_R_SM_J1939
                0x7000bc28       0x14 C:\Users\PLANTIUM\Documents\MCUXpressoIDE_11.8.0_1165\workspace\FlexCAN_Module\lib\libj1939_STEER_LIB.a(TP_J1939.o)
 .text.__main   0x7000bc3c        0xe c:/nxp/mcuxpressoide_11.8.0_1165/ide/plugins/com.nxp.mcuxpresso.tools.win32_11.8.0.202306131047/tools/bin/../lib/gcc/arm-none-eabi/12.2.1/../../../../arm-none-eabi/lib/thumb/v7e-m+fp/hard\libcr_nohost_nf.a(_cr__main.o)
                0x7000bc3c                __main
 .text.memcpy   0x7000bc4a        0x4 c:/nxp/mcuxpressoide_11.8.0_1165/ide/plugins/com.nxp.mcuxpresso.tools.win32_11.8.0.202306131047/tools/bin/../lib/gcc/arm-none-eabi/12.2.1/../../../../arm-none-eabi/lib/thumb/v7e-m+fp/hard\libcr_c.a(memcpy.o)
                0x7000bc4a                memcpy
 .text.memset   0x7000bc4e        0x4 c:/nxp/mcuxpressoide_11.8.0_1165/ide/plugins/com.nxp.mcuxpresso.tools.win32_11.8.0.202306131047/tools/bin/../lib/gcc/arm-none-eabi/12.2.1/../../../../arm-none-eabi/lib/thumb/v7e-m+fp/hard\libcr_c.a(memset.o)
                0x7000bc4e                memset
 .text.free     0x7000bc52       0x30 c:/nxp/mcuxpressoide_11.8.0_1165/ide/plugins/com.nxp.mcuxpresso.tools.win32_11.8.0.202306131047/tools/bin/../lib/gcc/arm-none-eabi/12.2.1/../../../../arm-none-eabi/lib/thumb/v7e-m+fp/hard\libcr_c.a(alloc.o)
                0x7000bc52                free
 .text.memcmp   0x7000bc82       0x44 c:/nxp/mcuxpressoide_11.8.0_1165/ide/plugins/com.nxp.mcuxpresso.tools.win32_11.8.0.202306131047/tools/bin/../lib/gcc/arm-none-eabi/12.2.1/../../../../arm-none-eabi/lib/thumb/v7e-m+fp/hard\libcr_c.a(memcmp.o)
                0x7000bc82                memcmp
 .text.setvbuf  0x7000bcc6       0x3e c:/nxp/mcuxpressoide_11.8.0_1165/ide/plugins/com.nxp.mcuxpresso.tools.win32_11.8.0.202306131047/tools/bin/../lib/gcc/arm-none-eabi/12.2.1/../../../../arm-none-eabi/lib/thumb/v7e-m+fp/hard\libcr_c.a(setvbuf.o)
                0x7000bcc6                setvbuf
 .text.strlen   0x7000bd04       0x4e c:/nxp/mcuxpressoide_11.8.0_1165/ide/plugins/com.nxp.mcuxpresso.tools.win32_11.8.0.202306131047/tools/bin/../lib/gcc/arm-none-eabi/12.2.1/../../../../arm-none-eabi/lib/thumb/v7e-m+fp/hard\libcr_c.a(strlen.o)
                0x7000bd04                strlen
 .text._deferredlazyseek
                0x7000bd52       0x40 c:/nxp/mcuxpressoide_11.8.0_1165/ide/plugins/com.nxp.mcuxpresso.tools.win32_11.8.0.202306131047/tools/bin/../lib/gcc/arm-none-eabi/12.2.1/../../../../arm-none-eabi/lib/thumb/v7e-m+fp/hard\libcr_c.a(_deferredlazyseek.o)
                0x7000bd52                _deferredlazyseek
 .text._fdopen  0x7000bd92       0x68 c:/nxp/mcuxpressoide_11.8.0_1165/ide/plugins/com.nxp.mcuxpresso.tools.win32_11.8.0.202306131047/tools/bin/../lib/gcc/arm-none-eabi/12.2.1/../../../../arm-none-eabi/lib/thumb/v7e-m+fp/hard\libcr_c.a(_fdopen.o)
                0x7000bd92                _fdopen
 .text._fflush  0x7000bdfa       0x52 c:/nxp/mcuxpressoide_11.8.0_1165/ide/plugins/com.nxp.mcuxpresso.tools.win32_11.8.0.202306131047/tools/bin/../lib/gcc/arm-none-eabi/12.2.1/../../../../arm-none-eabi/lib/thumb/v7e-m+fp/hard\libcr_c.a(_fflush.o)
                0x7000bdfa                _fflush
 .text.fclose   0x7000be4c       0x58 c:/nxp/mcuxpressoide_11.8.0_1165/ide/plugins/com.nxp.mcuxpresso.tools.win32_11.8.0.202306131047/tools/bin/../lib/gcc/arm-none-eabi/12.2.1/../../../../arm-none-eabi/lib/thumb/v7e-m+fp/hard\libcr_c.a(fclose.o)
                0x7000be4c                fclose
 .text.remove   0x7000bea4       0x14 c:/nxp/mcuxpressoide_11.8.0_1165/ide/plugins/com.nxp.mcuxpresso.tools.win32_11.8.0.202306131047/tools/bin/../lib/gcc/arm-none-eabi/12.2.1/../../../../arm-none-eabi/lib/thumb/v7e-m+fp/hard\libcr_c.a(remove.o)
                0x7000bea4                remove
 .text._do_fflush
                0x7000beb8       0x40 c:/nxp/mcuxpressoide_11.8.0_1165/ide/plugins/com.nxp.mcuxpresso.tools.win32_11.8.0.202306131047/tools/bin/../lib/gcc/arm-none-eabi/12.2.1/../../../../arm-none-eabi/lib/thumb/v7e-m+fp/hard\libcr_c.a(_do_fflush.o)
                0x7000beb8                _do_fflush
 .text.__aeabi_division_uldivmod
                0x7000bef8      0x174 c:/nxp/mcuxpressoide_11.8.0_1165/ide/plugins/com.nxp.mcuxpresso.tools.win32_11.8.0.202306131047/tools/bin/../lib/gcc/arm-none-eabi/12.2.1/thumb/v7e-m+fp/hard\libcr_eabihelpers.a(division_64.o)
                0x7000bef8                __aeabi_uldivmod
                0x7000befc                __bhs_ldivmod1
 .text.__aeabi_division_idiv0
                0x7000c06c        0x2 c:/nxp/mcuxpressoide_11.8.0_1165/ide/plugins/com.nxp.mcuxpresso.tools.win32_11.8.0.202306131047/tools/bin/../lib/gcc/arm-none-eabi/12.2.1/thumb/v7e-m+fp/hard\libcr_eabihelpers.a(division_idiv0.o)
                0x7000c06c                __aeabi_idiv0
 .text.__aeabi_memcpy
                0x7000c06e       0x34 c:/nxp/mcuxpressoide_11.8.0_1165/ide/plugins/com.nxp.mcuxpresso.tools.win32_11.8.0.202306131047/tools/bin/../lib/gcc/arm-none-eabi/12.2.1/thumb/v7e-m+fp/hard\libcr_eabihelpers.a(memcpy.o)
                0x7000c06e                __aeabi_memcpy
                0x7000c078                __aeabi_memcpy8
                0x7000c078                __aeabi_memcpy4
 .text.__aeabi_memset_lowlevel
                0x7000c0a2       0x32 c:/nxp/mcuxpressoide_11.8.0_1165/ide/plugins/com.nxp.mcuxpresso.tools.win32_11.8.0.202306131047/tools/bin/../lib/gcc/arm-none-eabi/12.2.1/thumb/v7e-m+fp/hard\libcr_eabihelpers.a(memcpy.o)
                0x7000c0a2                __aeabi_lowlevel_memset
 .text.__sys_close
                0x7000c0d4        0x6 c:/nxp/mcuxpressoide_11.8.0_1165/ide/plugins/com.nxp.mcuxpresso.tools.win32_11.8.0.202306131047/tools/bin/../lib/gcc/arm-none-eabi/12.2.1/../../../../arm-none-eabi/lib/thumb/v7e-m+fp/hard\libcr_nohost_nf.a(__sys_close.o)
                0x7000c0d4                __sys_close
 .text.__sys_flen
                0x7000c0da        0x6 c:/nxp/mcuxpressoide_11.8.0_1165/ide/plugins/com.nxp.mcuxpresso.tools.win32_11.8.0.202306131047/tools/bin/../lib/gcc/arm-none-eabi/12.2.1/../../../../arm-none-eabi/lib/thumb/v7e-m+fp/hard\libcr_nohost_nf.a(__sys_flen.o)
                0x7000c0da                __sys_flen
 .text.__sys_istty
                0x7000c0e0        0x6 c:/nxp/mcuxpressoide_11.8.0_1165/ide/plugins/com.nxp.mcuxpresso.tools.win32_11.8.0.202306131047/tools/bin/../lib/gcc/arm-none-eabi/12.2.1/../../../../arm-none-eabi/lib/thumb/v7e-m+fp/hard\libcr_nohost_nf.a(__sys_istty.o)
                0x7000c0e0                __sys_istty
 .text.__sys_remove
                0x7000c0e6        0x6 c:/nxp/mcuxpressoide_11.8.0_1165/ide/plugins/com.nxp.mcuxpresso.tools.win32_11.8.0.202306131047/tools/bin/../lib/gcc/arm-none-eabi/12.2.1/../../../../arm-none-eabi/lib/thumb/v7e-m+fp/hard\libcr_nohost_nf.a(__sys_remove.o)
                0x7000c0e6                __sys_remove
 .text.__sys_seek
                0x7000c0ec        0x6 c:/nxp/mcuxpressoide_11.8.0_1165/ide/plugins/com.nxp.mcuxpresso.tools.win32_11.8.0.202306131047/tools/bin/../lib/gcc/arm-none-eabi/12.2.1/../../../../arm-none-eabi/lib/thumb/v7e-m+fp/hard\libcr_nohost_nf.a(__sys_seek.o)
                0x7000c0ec                __sys_seek
 .text.__sys_tmpnam
                0x7000c0f2        0x6 c:/nxp/mcuxpressoide_11.8.0_1165/ide/plugins/com.nxp.mcuxpresso.tools.win32_11.8.0.202306131047/tools/bin/../lib/gcc/arm-none-eabi/12.2.1/../../../../arm-none-eabi/lib/thumb/v7e-m+fp/hard\libcr_nohost_nf.a(__sys_tmpnam.o)
                0x7000c0f2                __sys_tmpnam
 .text.__sys_write
                0x7000c0f8        0x4 c:/nxp/mcuxpressoide_11.8.0_1165/ide/plugins/com.nxp.mcuxpresso.tools.win32_11.8.0.202306131047/tools/bin/../lib/gcc/arm-none-eabi/12.2.1/../../../../arm-none-eabi/lib/thumb/v7e-m+fp/hard\libcr_nohost_nf.a(__sys_write.o)
                0x7000c0f8                __sys_write
 *(SORT_BY_ALIGNMENT(.rodata) SORT_BY_ALIGNMENT(.rodata.*) SORT_BY_ALIGNMENT(.constdata) SORT_BY_ALIGNMENT(.constdata.*))
 .rodata.__assertion_failed.str1.4
                0x7000c0fc       0x14 ./utilities/fsl_assert.o
 .rodata.CLOCK_ControlGate.str1.4
                0x7000c110       0x77 ./source/FlexCAN_Module.o
 *fill*         0x7000c187        0x1 ff
 .rodata.main.str1.4
                0x7000c188        0xc ./source/FlexCAN_Module.o
 .rodata.CANMSG_ABGC_Init.str1.4
                0x7000c194       0x1b ./source/FlexCAN_Module.o
 *fill*         0x7000c1af        0x1 ff
 .rodata.CLOCK_InitExternalClk.str1.4
                0x7000c1b0       0x21 ./drivers/fsl_clock.o
 *fill*         0x7000c1d1        0x3 ff
 .rodata.CLOCK_GetPllFreq.str1.4
                0x7000c1d4       0x6d ./drivers/fsl_clock.o
 *fill*         0x7000c241        0x3 ff
 .rodata.enetRefClkFreq.1
                0x7000c244       0x10 ./drivers/fsl_clock.o
 .rodata.EDMA_GetChannelStatusFlags.str1.4
                0x7000c254       0x45 ./drivers/fsl_edma.o
 *fill*         0x7000c299        0x3 ff
 .rodata.EDMA_HandleIRQ.str1.4
                0x7000c29c       0x21 ./drivers/fsl_edma.o
 *fill*         0x7000c2bd        0x3 ff
 .rodata.CLOCK_ControlGate.str1.4
                0x7000c2c0       0x20 ./drivers/fsl_flexcan.o
 .rodata.s_flexcanBases
                0x7000c2e0       0x10 ./drivers/fsl_flexcan.o
 .rodata.s_flexcanClock
                0x7000c2f0        0x8 ./drivers/fsl_flexcan.o
 .rodata.s_flexcanPeriphClock
                0x7000c2f8        0x8 ./drivers/fsl_flexcan.o
 .rodata.FLEXCAN_GetInstance.str1.4
                0x7000c300       0x3a ./drivers/fsl_flexcan.o
 *fill*         0x7000c33a        0x2 ff
 .rodata.FLEXCAN_Reset.str1.4
                0x7000c33c       0x3a ./drivers/fsl_flexcan.o
 *fill*         0x7000c376        0x2 ff
 .rodata.FLEXCAN_Init.str1.4
                0x7000c378      0x1c7 ./drivers/fsl_flexcan.o
 *fill*         0x7000c53f        0x1 ff
 .rodata.FLEXCAN_SetTimingConfig.str1.4
                0x7000c540       0x25 ./drivers/fsl_flexcan.o
 *fill*         0x7000c565        0x3 ff
 .rodata.FLEXCAN_SetTxMbConfig.str1.4
                0x7000c568       0x78 ./drivers/fsl_flexcan.o
 .rodata.FLEXCAN_SetRxMbConfig.str1.4
                0x7000c5e0       0xbc ./drivers/fsl_flexcan.o
 .rodata.FLEXCAN_WriteTxMb.str1.4
                0x7000c69c       0xcc ./drivers/fsl_flexcan.o
 .rodata.FLEXCAN_ReadRxMb.str1.4
                0x7000c768       0xa0 ./drivers/fsl_flexcan.o
 .rodata.CAN1_DriverIRQHandler.str1.4
                0x7000c808       0x30 ./drivers/fsl_flexcan.o
 .rodata.CAN3_DriverIRQHandler.str1.4
                0x7000c838       0x30 ./drivers/fsl_flexcan.o
 .rodata.CLOCK_ControlGate.str1.4
                0x7000c868       0x20 ./drivers/fsl_gpt.o
 .rodata.GPT_SetClockDivider.str1.4
                0x7000c868       0x36 ./drivers/fsl_gpt.o
 *fill*         0x7000c89e        0x2 ff
 .rodata.s_gptBases
                0x7000c8a0        0xc ./drivers/fsl_gpt.o
 .rodata.s_gptClocks
                0x7000c8ac        0x6 ./drivers/fsl_gpt.o
 *fill*         0x7000c8b2        0x2 ff
 .rodata.GPT_GetInstance.str1.4
                0x7000c8b4       0x31 ./drivers/fsl_gpt.o
 *fill*         0x7000c8e5        0x3 ff
 .rodata.GPT_Init.str1.4
                0x7000c8e8       0x22 ./drivers/fsl_gpt.o
 *fill*         0x7000c90a        0x2 ff
 .rodata.GPT_GetDefaultConfig.str1.4
                0x7000c90c       0x1f ./drivers/fsl_gpt.o
 .rodata.CLOCK_ControlGate.str1.4
                0x7000c92b       0x20 ./drivers/fsl_lpuart.o
 *fill*         0x7000c92b        0x1 ff
 .rodata.s_lpuartBases
                0x7000c92c       0x24 ./drivers/fsl_lpuart.o
 .rodata.s_lpuartClock
                0x7000c950       0x12 ./drivers/fsl_lpuart.o
 *fill*         0x7000c962        0x2 ff
 .rodata.LPUART_GetInstance.str1.4
                0x7000c964       0x38 ./drivers/fsl_lpuart.o
 .rodata.LPUART_Init.str1.4
                0x7000c99c      0x10a ./drivers/fsl_lpuart.o
 *fill*         0x7000caa6        0x2 ff
 .rodata.LPUART_GetDefaultConfig.str1.4
                0x7000caa8       0x22 ./drivers/fsl_lpuart.o
 *fill*         0x7000caca        0x2 ff
 .rodata.LPUART_WriteBlocking.str1.4
                0x7000cacc       0x21 ./drivers/fsl_lpuart.o
 *fill*         0x7000caed        0x3 ff
 .rodata.s_LpuartAdapterBase
                0x7000caf0       0x24 ./component/uart/fsl_adapter_lpuart.o
 .rodata.HAL_UartInit.str1.4
                0x7000cb14      0x116 ./component/uart/fsl_adapter_lpuart.o
 *fill*         0x7000cc2a        0x2 ff
 .rodata.HAL_UartSendBlocking.str1.4
                0x7000cc2c       0x7b ./component/uart/fsl_adapter_lpuart.o
 *fill*         0x7000cca7        0x1 ff
 .rodata.BOARD_ConfigMPU.str1.4
                0x7000cca8       0x69 ./board/board.o
 *fill*         0x7000cd11        0x3 ff
 .rodata.CLOCK_SetMux.str1.4
                0x7000cd14       0x88 ./board/clock_config.o
 .rodata.CLOCK_SetDiv.str1.4
                0x7000cd9c       0x88 ./board/clock_config.o
 .rodata.CLOCK_ControlGate.str1.4
                0x7000ce24       0x77 ./board/clock_config.o
 .rodata.armPllConfig_BOARD_BootClockRUN
                0x7000ce24        0x8 ./board/clock_config.o
                0x7000ce24                armPllConfig_BOARD_BootClockRUN
 .rodata.sysPllConfig_BOARD_BootClockRUN
                0x7000ce2c       0x14 ./board/clock_config.o
                0x7000ce2c                sysPllConfig_BOARD_BootClockRUN
 .rodata.BOARD_LPUART1_config
                0x7000ce40       0x14 ./board/peripherals.o
                0x7000ce40                BOARD_LPUART1_config
 .rodata.BOARD_CAN2_config
                0x7000ce54       0x20 ./board/peripherals.o
                0x7000ce54                BOARD_CAN2_config
 .rodata.BOARD_CAN2_rx_mb_config_1
                0x7000ce74        0x8 ./board/peripherals.o
                0x7000ce74                BOARD_CAN2_rx_mb_config_1
 .rodata.GPT_SetClockDivider.str1.4
                0x7000ce7c       0x8d ./board/time.o
 *fill*         0x7000cf09        0x3 ff
 .rodata.GPT_SetOutputCompareValue.str1.4
                0x7000cf0c       0x8e ./board/time.o
 *fill*         0x7000cf9a        0x2 ff
 .rodata.__num_Ciob_streams
                0x7000cf9c        0x4 c:/nxp/mcuxpressoide_11.8.0_1165/ide/plugins/com.nxp.mcuxpresso.tools.win32_11.8.0.202306131047/tools/bin/../lib/gcc/arm-none-eabi/12.2.1/../../../../arm-none-eabi/lib/thumb/v7e-m+fp/hard\libcr_nohost_nf.a(__ciob.o)
                0x7000cf9c                __num_Ciob_streams
 .rodata._initio.str1.1
                0x7000cfa0        0x4 c:/nxp/mcuxpressoide_11.8.0_1165/ide/plugins/com.nxp.mcuxpresso.tools.win32_11.8.0.202306131047/tools/bin/../lib/gcc/arm-none-eabi/12.2.1/../../../../arm-none-eabi/lib/thumb/v7e-m+fp/hard\libcr_c.a(initio.o)
                0x7000cfa4                . = ALIGN (0x4)

.glue_7         0x7000cfa4        0x0
 .glue_7        0x7000cfa4        0x0 linker stubs

.glue_7t        0x7000cfa4        0x0
 .glue_7t       0x7000cfa4        0x0 linker stubs

.vfp11_veneer   0x7000cfa4        0x0
 .vfp11_veneer  0x7000cfa4        0x0 linker stubs

.v4_bx          0x7000cfa4        0x0
 .v4_bx         0x7000cfa4        0x0 linker stubs

.iplt           0x7000cfa4        0x0
 .iplt          0x7000cfa4        0x0 ./xip/fsl_flexspi_nor_boot.o

.rel.dyn        0x7000cfa4        0x0
 .rel.iplt      0x7000cfa4        0x0 ./xip/fsl_flexspi_nor_boot.o

.ARM.extab
 *(SORT_BY_ALIGNMENT(.ARM.extab*) SORT_BY_ALIGNMENT(.gnu.linkonce.armextab.*))

.ARM.exidx      0x7000cfa4        0x0
                0x7000cfa4                __exidx_start = .
 *(SORT_BY_ALIGNMENT(.ARM.exidx*) SORT_BY_ALIGNMENT(.gnu.linkonce.armexidx.*))
                0x7000cfa4                __exidx_end = .
                0x7000cfa4                _etext = .

.data_RAM2      0x00000000        0x0 load address 0x7000cfa4
 FILL mask 0xff
                [!provide]                PROVIDE (__start_data_RAM2 = .)
                [!provide]                PROVIDE (__start_data_SRAM_ITC = .)
 *(SORT_BY_ALIGNMENT(.ramfunc.$RAM2))
 *(SORT_BY_ALIGNMENT(.ramfunc.$SRAM_ITC))
 *(SORT_BY_ALIGNMENT(.data.$RAM2))
 *(SORT_BY_ALIGNMENT(.data.$SRAM_ITC))
 *(SORT_BY_ALIGNMENT(.data.$RAM2.*))
 *(SORT_BY_ALIGNMENT(.data.$SRAM_ITC.*))
                0x00000000                . = ALIGN (0x4)
                [!provide]                PROVIDE (__end_data_RAM2 = .)
                [!provide]                PROVIDE (__end_data_SRAM_ITC = .)

.data_RAM3      0x20200000        0x0 load address 0x7000cfa4
 FILL mask 0xff
                [!provide]                PROVIDE (__start_data_RAM3 = .)
                [!provide]                PROVIDE (__start_data_SRAM_OC2 = .)
 *(SORT_BY_ALIGNMENT(.ramfunc.$RAM3))
 *(SORT_BY_ALIGNMENT(.ramfunc.$SRAM_OC2))
 *(SORT_BY_ALIGNMENT(.data.$RAM3))
 *(SORT_BY_ALIGNMENT(.data.$SRAM_OC2))
 *(SORT_BY_ALIGNMENT(.data.$RAM3.*))
 *(SORT_BY_ALIGNMENT(.data.$SRAM_OC2.*))
                0x20200000                . = ALIGN (0x4)